../Core/Src/main.c:140:6:HAL_ADC_ConvCpltCallback	16	static
../Core/Src/main.c:146:6:HAL_UART_RxCpltCallback	16	static
../Core/Src/main.c:154:6:HAL_UART_TxCpltCallback	16	static
../Core/Src/main.c:162:6:HAL_TIM_IC_CaptureCallback	16	static
../Core/Src/main.c:174:5:main	80	static
../Core/Src/main.c:447:6:SystemClock_Config	120	static
../Core/Src/main.c:506:6:PeriphCommonClock_Config	192	static
../Core/Src/main.c:525:13:MX_ADC2_Init	48	static
../Core/Src/main.c:604:13:MX_CORDIC_Init	8	static
../Core/Src/main.c:630:13:MX_CRC_Init	8	static
../Core/Src/main.c:661:13:MX_FMAC_Init	8	static
../Core/Src/main.c:687:13:MX_I2C1_Init	8	static
../Core/Src/main.c:735:13:MX_I2C2_Init	8	static
../Core/Src/main.c:783:13:MX_I2C4_Init	8	static
../Core/Src/main.c:831:13:MX_SPI2_Init	8	static
../Core/Src/main.c:879:13:MX_TIM2_Init	48	static
../Core/Src/main.c:932:13:MX_TIM3_Init	48	static
../Core/Src/main.c:986:13:MX_TIM4_Init	56	static
../Core/Src/main.c:1035:13:MX_TIM8_Init	104	static
../Core/Src/main.c:1105:13:MX_TIM12_Init	48	static
../Core/Src/main.c:1154:13:MX_UART4_Init	8	static
../Core/Src/main.c:1202:13:MX_GPIO_Init	48	static
../Core/Src/main.c:1259:6:MPU_Config	24	static
../Core/Src/main.c:1290:6:Error_Handler	4	static,ignoring_inline_asm
