Archive member included to satisfy reference by file (symbol)

C:/ST/STM32CubeIDE_2.0.0/STM32CubeIDE/plugins/com.st.stm32cube.ide.mcu.externaltools.gnu-tools-for-stm32.13.3.rel1.win32_1.0.100.202509120712/tools/bin/../lib/gcc/arm-none-eabi/13.3.1/../../../../arm-none-eabi/lib/thumb/v7e-m+dp/hard\libc_nano.a(libc_a-exit.o)
                              C:/ST/STM32CubeIDE_2.0.0/STM32CubeIDE/plugins/com.st.stm32cube.ide.mcu.externaltools.gnu-tools-for-stm32.13.3.rel1.win32_1.0.100.202509120712/tools/bin/../lib/gcc/arm-none-eabi/13.3.1/../../../../arm-none-eabi/lib/thumb/v7e-m+dp/hard/crt0.o (exit)
C:/ST/STM32CubeIDE_2.0.0/STM32CubeIDE/plugins/com.st.stm32cube.ide.mcu.externaltools.gnu-tools-for-stm32.13.3.rel1.win32_1.0.100.202509120712/tools/bin/../lib/gcc/arm-none-eabi/13.3.1/../../../../arm-none-eabi/lib/thumb/v7e-m+dp/hard\libc_nano.a(libc_a-findfp.o)
                              C:/ST/STM32CubeIDE_2.0.0/STM32CubeIDE/plugins/com.st.stm32cube.ide.mcu.externaltools.gnu-tools-for-stm32.13.3.rel1.win32_1.0.100.202509120712/tools/bin/../lib/gcc/arm-none-eabi/13.3.1/../../../../arm-none-eabi/lib/thumb/v7e-m+dp/hard\libc_nano.a(libc_a-exit.o) (__stdio_exit_handler)
C:/ST/STM32CubeIDE_2.0.0/STM32CubeIDE/plugins/com.st.stm32cube.ide.mcu.externaltools.gnu-tools-for-stm32.13.3.rel1.win32_1.0.100.202509120712/tools/bin/../lib/gcc/arm-none-eabi/13.3.1/../../../../arm-none-eabi/lib/thumb/v7e-m+dp/hard\libc_nano.a(libc_a-fwalk.o)
                              C:/ST/STM32CubeIDE_2.0.0/STM32CubeIDE/plugins/com.st.stm32cube.ide.mcu.externaltools.gnu-tools-for-stm32.13.3.rel1.win32_1.0.100.202509120712/tools/bin/../lib/gcc/arm-none-eabi/13.3.1/../../../../arm-none-eabi/lib/thumb/v7e-m+dp/hard\libc_nano.a(libc_a-findfp.o) (_fwalk_sglue)
C:/ST/STM32CubeIDE_2.0.0/STM32CubeIDE/plugins/com.st.stm32cube.ide.mcu.externaltools.gnu-tools-for-stm32.13.3.rel1.win32_1.0.100.202509120712/tools/bin/../lib/gcc/arm-none-eabi/13.3.1/../../../../arm-none-eabi/lib/thumb/v7e-m+dp/hard\libc_nano.a(libc_a-snprintf.o)
                              ./Core/Src/main.o (snprintf)
C:/ST/STM32CubeIDE_2.0.0/STM32CubeIDE/plugins/com.st.stm32cube.ide.mcu.externaltools.gnu-tools-for-stm32.13.3.rel1.win32_1.0.100.202509120712/tools/bin/../lib/gcc/arm-none-eabi/13.3.1/../../../../arm-none-eabi/lib/thumb/v7e-m+dp/hard\libc_nano.a(libc_a-stdio.o)
                              C:/ST/STM32CubeIDE_2.0.0/STM32CubeIDE/plugins/com.st.stm32cube.ide.mcu.externaltools.gnu-tools-for-stm32.13.3.rel1.win32_1.0.100.202509120712/tools/bin/../lib/gcc/arm-none-eabi/13.3.1/../../../../arm-none-eabi/lib/thumb/v7e-m+dp/hard\libc_nano.a(libc_a-findfp.o) (__sread)
C:/ST/STM32CubeIDE_2.0.0/STM32CubeIDE/plugins/com.st.stm32cube.ide.mcu.externaltools.gnu-tools-for-stm32.13.3.rel1.win32_1.0.100.202509120712/tools/bin/../lib/gcc/arm-none-eabi/13.3.1/../../../../arm-none-eabi/lib/thumb/v7e-m+dp/hard\libc_nano.a(libc_a-memmove.o)
                              ./Core/Src/ssd1306_tests.o (memmove)
C:/ST/STM32CubeIDE_2.0.0/STM32CubeIDE/plugins/com.st.stm32cube.ide.mcu.externaltools.gnu-tools-for-stm32.13.3.rel1.win32_1.0.100.202509120712/tools/bin/../lib/gcc/arm-none-eabi/13.3.1/../../../../arm-none-eabi/lib/thumb/v7e-m+dp/hard\libc_nano.a(libc_a-memset.o)
                              C:/ST/STM32CubeIDE_2.0.0/STM32CubeIDE/plugins/com.st.stm32cube.ide.mcu.externaltools.gnu-tools-for-stm32.13.3.rel1.win32_1.0.100.202509120712/tools/bin/../lib/gcc/arm-none-eabi/13.3.1/../../../../arm-none-eabi/lib/thumb/v7e-m+dp/hard/crt0.o (memset)
C:/ST/STM32CubeIDE_2.0.0/STM32CubeIDE/plugins/com.st.stm32cube.ide.mcu.externaltools.gnu-tools-for-stm32.13.3.rel1.win32_1.0.100.202509120712/tools/bin/../lib/gcc/arm-none-eabi/13.3.1/../../../../arm-none-eabi/lib/thumb/v7e-m+dp/hard\libc_nano.a(libc_a-closer.o)
                              C:/ST/STM32CubeIDE_2.0.0/STM32CubeIDE/plugins/com.st.stm32cube.ide.mcu.externaltools.gnu-tools-for-stm32.13.3.rel1.win32_1.0.100.202509120712/tools/bin/../lib/gcc/arm-none-eabi/13.3.1/../../../../arm-none-eabi/lib/thumb/v7e-m+dp/hard\libc_nano.a(libc_a-stdio.o) (_close_r)
C:/ST/STM32CubeIDE_2.0.0/STM32CubeIDE/plugins/com.st.stm32cube.ide.mcu.externaltools.gnu-tools-for-stm32.13.3.rel1.win32_1.0.100.202509120712/tools/bin/../lib/gcc/arm-none-eabi/13.3.1/../../../../arm-none-eabi/lib/thumb/v7e-m+dp/hard\libc_nano.a(libc_a-reent.o)
                              C:/ST/STM32CubeIDE_2.0.0/STM32CubeIDE/plugins/com.st.stm32cube.ide.mcu.externaltools.gnu-tools-for-stm32.13.3.rel1.win32_1.0.100.202509120712/tools/bin/../lib/gcc/arm-none-eabi/13.3.1/../../../../arm-none-eabi/lib/thumb/v7e-m+dp/hard\libc_nano.a(libc_a-closer.o) (errno)
C:/ST/STM32CubeIDE_2.0.0/STM32CubeIDE/plugins/com.st.stm32cube.ide.mcu.externaltools.gnu-tools-for-stm32.13.3.rel1.win32_1.0.100.202509120712/tools/bin/../lib/gcc/arm-none-eabi/13.3.1/../../../../arm-none-eabi/lib/thumb/v7e-m+dp/hard\libc_nano.a(libc_a-impure.o)
[...]
Memory Configuration

Name             Origin             Length             Attributes
ITCMRAM          0x00000000         0x00010000         xrw
DTCMRAM          0x20000000         0x00020000         xrw
FLASH            0x08000000         0x00100000         xr
RAM_D1           0x24000000         0x00050000         xrw
RAM_D2           0x30000000         0x00008000         xrw
RAM_D3           0x38000000         0x00004000         xrw
*default*        0x00000000         0xffffffff

Linker script and memory map

LOAD C:/ST/STM32CubeIDE_2.0.0/STM32CubeIDE/plugins/com.st.stm32cube.ide.mcu.externaltools.gnu-tools-for-stm32.13.3.rel1.win32_1.0.100.202509120712/tools/bin/../lib/gcc/arm-none-eabi/13.3.1/thumb/v7e-m+dp/hard/crti.o
LOAD C:/ST/STM32CubeIDE_2.0.0/STM32CubeIDE/plugins/com.st.stm32cube.ide.mcu.externaltools.gnu-tools-for-stm32.13.3.rel1.win32_1.0.100.202509120712/tools/bin/../lib/gcc/arm-none-eabi/13.3.1/thumb/v7e-m+dp/hard/crtbegin.o
LOAD C:/ST/STM32CubeIDE_2.0.0/STM32CubeIDE/plugins/com.st.stm32cube.ide.mcu.externaltools.gnu-tools-for-stm32.13.3.rel1.win32_1.0.100.202509120712/tools/bin/../lib/gcc/arm-none-eabi/13.3.1/../../../../arm-none-eabi/lib/thumb/v7e-m+dp/hard/crt0.o
LOAD ./Core/Src/main.o
LOAD ./Core/Src/ssd1306.o
LOAD ./Core/Src/ssd1306_fonts.o
LOAD ./Core/Src/ssd1306_tests.o
LOAD ./Core/Src/stm32h7xx_hal_msp.o
LOAD ./Core/Src/stm32h7xx_it.o
LOAD ./Core/Src/syscalls.o
LOAD ./Core/Src/sysmem.o
LOAD ./Core/Src/system_stm32h7xx.o
LOAD ./Core/Startup/startup_stm32h725vgtx.o
LOAD ./Drivers/STM32H7xx_HAL_Driver/Src/stm32h7xx_hal.o
LOAD ./Drivers/STM32H7xx_HAL_Driver/Src/stm32h7xx_hal_adc.o
LOAD ./Drivers/STM32H7xx_HAL_Driver/Src/stm32h7xx_hal_adc_ex.o
LOAD ./Drivers/STM32H7xx_HAL_Driver/Src/stm32h7xx_hal_cordic.o
LOAD ./Drivers/STM32H7xx_HAL_Driver/Src/stm32h7xx_hal_cortex.o
LOAD ./Drivers/STM32H7xx_HAL_Driver/Src/stm32h7xx_hal_crc.o
LOAD ./Drivers/STM32H7xx_HAL_Driver/Src/stm32h7xx_hal_crc_ex.o
LOAD ./Drivers/STM32H7xx_HAL_Driver/Src/stm32h7xx_hal_dma.o
LOAD ./Drivers/STM32H7xx_HAL_Driver/Src/stm32h7xx_hal_dma_ex.o
LOAD ./Drivers/STM32H7xx_HAL_Driver/Src/stm32h7xx_hal_exti.o
LOAD ./Drivers/STM32H7xx_HAL_Driver/Src/stm32h7xx_hal_flash.o
LOAD ./Drivers/STM32H7xx_HAL_Driver/Src/stm32h7xx_hal_flash_ex.o
LOAD ./Drivers/STM32H7xx_HAL_Driver/Src/stm32h7xx_hal_fmac.o
LOAD ./Drivers/STM32H7xx_HAL_Driver/Src/stm32h7xx_hal_gpio.o
LOAD ./Drivers/STM32H7xx_HAL_Driver/Src/stm32h7xx_hal_hsem.o
LOAD ./Drivers/STM32H7xx_HAL_Driver/Src/stm32h7xx_hal_i2c.o
LOAD ./Drivers/STM32H7xx_HAL_Driver/Src/stm32h7xx_hal_i2c_ex.o
LOAD ./Drivers/STM32H7xx_HAL_Driver/Src/stm32h7xx_hal_mdma.o
LOAD ./Drivers/STM32H7xx_HAL_Driver/Src/stm32h7xx_hal_pcd.o
LOAD ./Drivers/STM32H7xx_HAL_Driver/Src/stm32h7xx_hal_pcd_ex.o
LOAD ./Drivers/STM32H7xx_HAL_Driver/Src/stm32h7xx_hal_pwr.o
LOAD ./Drivers/STM32H7xx_HAL_Driver/Src/stm32h7xx_hal_pwr_ex.o
LOAD ./Drivers/STM32H7xx_HAL_Driver/Src/stm32h7xx_hal_rcc.o
LOAD ./Drivers/STM32H7xx_HAL_Driver/Src/stm32h7xx_hal_rcc_ex.o
LOAD ./Drivers/STM32H7xx_HAL_Driver/Src/stm32h7xx_hal_spi.o
LOAD ./Drivers/STM32H7xx_HAL_Driver/Src/stm32h7xx_hal_spi_ex.o
LOAD ./Drivers/STM32H7xx_HAL_Driver/Src/stm32h7xx_hal_tim.o
LOAD ./Drivers/STM32H7xx_HAL_Driver/Src/stm32h7xx_hal_tim_ex.o
LOAD ./Drivers/STM32H7xx_HAL_Driver/Src/stm32h7xx_hal_uart.o
LOAD ./Drivers/STM32H7xx_HAL_Driver/Src/stm32h7xx_hal_uart_ex.o
LOAD ./Drivers/STM32H7xx_HAL_Driver/Src/stm32h7xx_ll_usb.o
LOAD ./Middlewares/ST/STM32_USB_Device_Library/Class/CDC/Src/usbd_cdc.o
LOAD ./Middlewares/ST/STM32_USB_Device_Library/Core/Src/usbd_core.o
LOAD ./Middlewares/ST/STM32_USB_Device_Library/Core/Src/usbd_ctlreq.o
LOAD ./Middlewares/ST/STM32_USB_Device_Library/Core/Src/usbd_ioreq.o
LOAD ./USB_DEVICE/App/usb_device.o
LOAD ./USB_DEVICE/App/usbd_cdc_if.o
LOAD ./USB_DEVICE/App/usbd_desc.o
LOAD ./USB_DEVICE/Target/usbd_conf.o
START GROUP
LOAD C:/ST/STM32CubeIDE_2.0.0/STM32CubeIDE/plugins/com.st.stm32cube.ide.mcu.externaltools.gnu-tools-for-stm32.13.3.rel1.win32_1.0.100.202509120712/tools/bin/../lib/gcc/arm-none-eabi/13.3.1/../../../../arm-none-eabi/lib/thumb/v7e-m+dp/hard\libc_nano.a
LOAD C:/ST/STM32CubeIDE_2.0.0/STM32CubeIDE/plugins/com.st.stm32cube.ide.mcu.externaltools.gnu-tools-for-stm32.13.3.rel1.win32_1.0.100.202509120712/tools/bin/../lib/gcc/arm-none-eabi/13.3.1/../../../../arm-none-eabi/lib/thumb/v7e-m+dp/hard\libm.a
END GROUP
START GROUP
LOAD C:/ST/STM32CubeIDE_2.0.0/STM32CubeIDE/plugins/com.st.stm32cube.ide.mcu.externaltools.gnu-tools-for-stm32.13.3.rel1.win32_1.0.100.202509120712/tools/bin/../lib/gcc/arm-none-eabi/13.3.1/thumb/v7e-m+dp/hard\libgcc.a
LOAD C:/ST/STM32CubeIDE_2.0.0/STM32CubeIDE/plugins/com.st.stm32cube.ide.mcu.externaltools.gnu-tools-for-stm32.13.3.rel1.win32_1.0.100.202509120712/tools/bin/../lib/gcc/arm-none-eabi/13.3.1/../../../../arm-none-eabi/lib/thumb/v7e-m+dp/hard\libc_nano.a
END GROUP
START GROUP
LOAD C:/ST/STM32CubeIDE_2.0.0/STM32CubeIDE/plugins/com.st.stm32cube.ide.mcu.externaltools.gnu-tools-for-stm32.13.3.rel1.win32_1.0.100.202509120712/tools/bin/../lib/gcc/arm-none-eabi/13.3.1/thumb/v7e-m+dp/hard\libgcc.a
LOAD C:/ST/STM32CubeIDE_2.0.0/STM32CubeIDE/plugins/com.st.stm32cube.ide.mcu.externaltools.gnu-tools-for-stm32.13.3.rel1.win32_1.0.100.202509120712/tools/bin/../lib/gcc/arm-none-eabi/13.3.1/../../../../arm-none-eabi/lib/thumb/v7e-m+dp/hard\libc_nano.a
LOAD C:/ST/STM32CubeIDE_2.0.0/STM32CubeIDE/plugins/com.st.stm32cube.ide.mcu.externaltools.gnu-tools-for-stm32.13.3.rel1.win32_1.0.100.202509120712/tools/bin/../lib/gcc/arm-none-eabi/13.3.1/../../../../arm-none-eabi/lib/thumb/v7e-m+dp/hard\libnosys.a
END GROUP
START GROUP
LOAD C:/ST/STM32CubeIDE_2.0.0/STM32CubeIDE/plugins/com.st.stm32cube.ide.mcu.externaltools.gnu-tools-for-stm32.13.3.rel1.win32_1.0.100.202509120712/tools/bin/../lib/gcc/arm-none-eabi/13.3.1/thumb/v7e-m+dp/hard\libgcc.a
LOAD C:/ST/STM32CubeIDE_2.0.0/STM32CubeIDE/plugins/com.st.stm32cube.ide.mcu.externaltools.gnu-tools-for-stm32.13.3.rel1.win32_1.0.100.202509120712/tools/bin/../lib/gcc/arm-none-eabi/13.3.1/../../../../arm-none-eabi/lib/thumb/v7e-m+dp/hard\libc_nano.a
LOAD C:/ST/STM32CubeIDE_2.0.0/STM32CubeIDE/plugins/com.st.stm32cube.ide.mcu.externaltools.gnu-tools-for-stm32.13.3.rel1.win32_1.0.100.202509120712/tools/bin/../lib/gcc/arm-none-eabi/13.3.1/../../../../arm-none-eabi/lib/thumb/v7e-m+dp/hard\libnosys.a
END GROUP
LOAD C:/ST/STM32CubeIDE_2.0.0/STM32CubeIDE/plugins/com.st.stm32cube.ide.mcu.externaltools.gnu-tools-for-stm32.13.3.rel1.win32_1.0.100.202509120712/tools/bin/../lib/gcc/arm-none-eabi/13.3.1/thumb/v7e-m+dp/hard/crtend.o
LOAD C:/ST/STM32CubeIDE_2.0.0/STM32CubeIDE/plugins/com.st.stm32cube.ide.mcu.externaltools.gnu-tools-for-stm32.13.3.rel1.win32_1.0.100.202509120712/tools/bin/../lib/gcc/arm-none-eabi/13.3.1/thumb/v7e-m+dp/hard/crtn.o
                0x24050000                        _estack = (ORIGIN (RAM_D1) + LENGTH (RAM_D1))
                0x00000200                        _Min_Heap_Size = 0x200
                0x00000400                        _Min_Stack_Size = 0x400

.isr_vector     0x08000000      0x2cc
                0x08000000                        . = ALIGN (0x4)
 *(.isr_vector)
 .isr_vector    0x08000000      0x2cc ./Core/Startup/startup_stm32h725vgtx.o
                0x08000000                g_pfnVectors
                0x080002cc                        . = ALIGN (0x4)

.text           0x080002d0    0x140c0
                0x080002d0                        . = ALIGN (0x4)
 *(.text)
 .text          0x080002d0       0x40 C:/ST/STM32CubeIDE_2.0.0/STM32CubeIDE/plugins/com.st.stm32cube.ide.mcu.externaltools.gnu-tools-for-stm32.13.3.rel1.win32_1.0.100.202509120712/tools/bin/../lib/gcc/arm-none-eabi/13.3.1/thumb/v7e-m+dp/hard/crtbegin.o
 .text          0x08000310       0x10 C:/ST/STM32CubeIDE_2.0.0/STM32CubeIDE/plugins/com.st.stm32cube.ide.mcu.externaltools.gnu-tools-for-stm32.13.3.rel1.win32_1.0.100.202509120712/tools/bin/../lib/gcc/arm-none-eabi/13.3.1/../../../../arm-none-eabi/lib/thumb/v7e-m+dp/hard\libc_nano.a(libc_a-strlen.o)
                0x08000310                strlen
 .text          0x08000320       0xa0 C:/ST/STM32CubeIDE_2.0.0/STM32CubeIDE/plugins/com.st.stm32cube.ide.mcu.externaltools.gnu-tools-for-stm32.13.3.rel1.win32_1.0.100.202509120712/tools/bin/../lib/gcc/arm-none-eabi/13.3.1/../../../../arm-none-eabi/lib/thumb/v7e-m+dp/hard\libc_nano.a(libc_a-memchr.o)
                0x08000320                memchr
 .text          0x080003c0       0x30 C:/ST/STM32CubeIDE_2.0.0/STM32CubeIDE/plugins/com.st.stm32cube.ide.mcu.externaltools.gnu-tools-for-stm32.13.3.rel1.win32_1.0.100.202509120712/tools/bin/../lib/gcc/arm-none-eabi/13.3.1/thumb/v7e-m+dp/hard\libgcc.a(_aeabi_uldivmod.o)
                0x080003c0                __aeabi_uldivmod
 .text          0x080003f0      0x2f8 C:/ST/STM32CubeIDE_2.0.0/STM32CubeIDE/plugins/com.st.stm32cube.ide.mcu.externaltools.gnu-tools-for-stm32.13.3.rel1.win32_1.0.100.202509120712/tools/bin/../lib/gcc/arm-none-eabi/13.3.1/thumb/v7e-m+dp/hard\libgcc.a(_udivmoddi4.o)
                0x080003f0                __udivmoddi4
 .text          0x080006e8        0x4 C:/ST/STM32CubeIDE_2.0.0/STM32CubeIDE/plugins/com.st.stm32cube.ide.mcu.externaltools.gnu-tools-for-stm32.13.3.rel1.win32_1.0.100.202509120712/tools/bin/../lib/gcc/arm-none-eabi/13.3.1/thumb/v7e-m+dp/hard\libgcc.a(_dvmd_tls.o)
                0x080006e8                __aeabi_idiv0
                0x080006e8                __aeabi_ldiv0
 *(.text*)
 .text.HAL_ADC_ConvCpltCallback
                0x080006ec       0x20 ./Core/Src/main.o
                0x080006ec                HAL_ADC_ConvCpltCallback
 .text.HAL_UART_RxCpltCallback
                0x0800070c       0x30 ./Core/Src/main.o
                0x0800070c                HAL_UART_RxCpltCallback
 .text.HAL_UART_TxCpltCallback
                0x0800073c       0x30 ./Core/Src/main.o
                0x0800073c                HAL_UART_TxCpltCallback
 .text.main     0x0800076c      0x4b0 ./Core/Src/main.o
                0x0800076c                main
 .text.SystemClock_Config
                0x08000c1c       0xe0 ./Core/Src/main.o
                0x08000c1c                SystemClock_Config
 .text.PeriphCommonClock_Config
                0x08000cfc       0x3e ./Core/Src/main.o
                0x08000cfc                PeriphCommonClock_Config
 *fill*         0x08000d3a        0x2 
 .text.MX_ADC2_Init
                0x08000d3c      0x114 ./Core/Src/main.o
 .text.MX_CORDIC_Init
                0x08000e50       0x28 ./Core/Src/main.o
 .text.MX_CRC_Init
                0x08000e78       0x44 ./Core/Src/main.o
 .text.MX_FMAC_Init
                0x08000ebc       0x28 ./Core/Src/main.o
 .text.MX_I2C1_Init
                0x08000ee4       0x80 ./Core/Src/main.o
 .text.MX_I2C2_Init
                0x08000f64       0x80 ./Core/Src/main.o
 .text.MX_I2C4_Init
                0x08000fe4       0x80 ./Core/Src/main.o
 .text.MX_SPI2_Init
                0x08001064       0xac ./Core/Src/main.o
 .text.MX_TIM2_Init
                0x08001110       0xc8 ./Core/Src/main.o
 .text.MX_TIM3_Init
                0x080011d8       0xd0 ./Core/Src/main.o
 .text.MX_TIM4_Init
                0x080012a8       0xac ./Core/Src/main.o
 .text.MX_TIM8_Init
                0x08001354      0x120 ./Core/Src/main.o
 .text.MX_TIM12_Init
                0x08001474       0xb4 ./Core/Src/main.o
 .text.MX_UART4_Init
                0x08001528       0x98 ./Core/Src/main.o
 .text.MX_GPIO_Init
                0x080015c0      0x140 ./Core/Src/main.o
 .text.MPU_Config
                0x08001700       0x58 ./Core/Src/main.o
 .text.Error_Handler
                0x08001758        0xc ./Core/Src/main.o
                0x08001758                Error_Handler
 .text.ssd1306_Reset
                0x08001764        0xe ./Core/Src/ssd1306.o
                0x08001764                ssd1306_Reset
 *fill*         0x08001772        0x2 
 .text.ssd1306_WriteCommand
                0x08001774       0x30 ./Core/Src/ssd1306.o
                0x08001774                ssd1306_WriteCommand
 .text.ssd1306_WriteData
                0x080017a4       0x34 ./Core/Src/ssd1306.o
                0x080017a4                ssd1306_WriteData
 .text.ssd1306_Init
                0x080017d8       0xd4 ./Core/Src/ssd1306.o
                0x080017d8                ssd1306_Init
 .text.ssd1306_Fill
                0x080018ac       0x30 ./Core/Src/ssd1306.o
                0x080018ac                ssd1306_Fill
 .text.ssd1306_UpdateScreen
                0x080018dc       0x50 ./Core/Src/ssd1306.o
                0x080018dc                ssd1306_UpdateScreen
 .text.ssd1306_DrawPixel
                0x0800192c       0xa8 ./Core/Src/ssd1306.o
                0x0800192c                ssd1306_DrawPixel
 .text.ssd1306_WriteChar
                0x080019d4      0x124 ./Core/Src/ssd1306.o
                0x080019d4                ssd1306_WriteChar
 .text.ssd1306_WriteString
                0x08001af8       0x4c ./Core/Src/ssd1306.o
                0x08001af8                ssd1306_WriteString
 .text.ssd1306_SetCursor
                0x08001b44       0x30 ./Core/Src/ssd1306.o
                0x08001b44                ssd1306_SetCursor
 .text.ssd1306_SetContrast
                0x08001b74       0x26 ./Core/Src/ssd1306.o
                0x08001b74                ssd1306_SetContrast
 *fill*         0x08001b9a        0x2 
 .text.ssd1306_SetDisplayOn
                0x08001b9c       0x3c ./Core/Src/ssd1306.o
                0x08001b9c                ssd1306_SetDisplayOn
 .text.HAL_MspInit
                0x08001bd8       0x34 ./Core/Src/stm32h7xx_hal_msp.o
                0x08001bd8                HAL_MspInit
 .text.HAL_ADC_MspInit
                0x08001c0c      0x158 ./Core/Src/stm32h7xx_hal_msp.o
                0x08001c0c                HAL_ADC_MspInit
 .text.HAL_CORDIC_MspInit
                0x08001d64       0x44 ./Core/Src/stm32h7xx_hal_msp.o
                0x08001d64                HAL_CORDIC_MspInit
 .text.HAL_CRC_MspInit
                0x08001da8       0x44 ./Core/Src/stm32h7xx_hal_msp.o
                0x08001da8                HAL_CRC_MspInit
 .text.HAL_FMAC_MspInit
                0x08001dec       0x44 ./Core/Src/stm32h7xx_hal_msp.o
                0x08001dec                HAL_FMAC_MspInit
 .text.HAL_I2C_MspInit
                0x08001e30      0x20c ./Core/Src/stm32h7xx_hal_msp.o
                0x08001e30                HAL_I2C_MspInit
 .text.HAL_SPI_MspInit
                0x0800203c      0x120 ./Core/Src/stm32h7xx_hal_msp.o
                0x0800203c                HAL_SPI_MspInit
 .text.HAL_TIM_PWM_MspInit
                0x0800215c       0xcc ./Core/Src/stm32h7xx_hal_msp.o
                0x0800215c                HAL_TIM_PWM_MspInit
 .text.HAL_TIM_Encoder_MspInit
                0x08002228       0x94 ./Core/Src/stm32h7xx_hal_msp.o
                0x08002228                HAL_TIM_Encoder_MspInit
 .text.HAL_TIM_MspPostInit
                0x080022bc      0x1a4 ./Core/Src/stm32h7xx_hal_msp.o
                0x080022bc                HAL_TIM_MspPostInit
 .text.HAL_UART_MspInit
                0x08002460       0xe4 ./Core/Src/stm32h7xx_hal_msp.o
                0x08002460                HAL_UART_MspInit
 .text.NMI_Handler
                0x08002544        0x8 ./Core/Src/stm32h7xx_it.o
                0x08002544                NMI_Handler
 .text.HardFault_Handler
                0x0800254c        0x8 ./Core/Src/stm32h7xx_it.o
                0x0800254c                HardFault_Handler
 .text.MemManage_Handler
                0x08002554        0x8 ./Core/Src/stm32h7xx_it.o
                0x08002554                MemManage_Handler
 .text.BusFault_Handler
                0x0800255c        0x8 ./Core/Src/stm32h7xx_it.o
                0x0800255c                BusFault_Handler
 .text.UsageFault_Handler
                0x08002564        0x8 ./Core/Src/stm32h7xx_it.o
                0x08002564                UsageFault_Handler
 .text.SVC_Handler
                0x0800256c        0xe ./Core/Src/stm32h7xx_it.o
                0x0800256c                SVC_Handler
 .text.DebugMon_Handler
                0x0800257a        0xe ./Core/Src/stm32h7xx_it.o
                0x0800257a                DebugMon_Handler
 .text.PendSV_Handler
                0x08002588        0xe ./Core/Src/stm32h7xx_it.o
                0x08002588                PendSV_Handler
 .text.SysTick_Handler
                0x08002596        0xc ./Core/Src/stm32h7xx_it.o
                0x08002596                SysTick_Handler
 *fill*         0x080025a2        0x2 
 .text.ADC_IRQHandler
                0x080025a4       0x14 ./Core/Src/stm32h7xx_it.o
                0x080025a4                ADC_IRQHandler
 .text.UART4_IRQHandler
                0x080025b8       0x14 ./Core/Src/stm32h7xx_it.o
                0x080025b8                UART4_IRQHandler
 .text.OTG_HS_IRQHandler
                0x080025cc       0x14 ./Core/Src/stm32h7xx_it.o
                0x080025cc                OTG_HS_IRQHandler
 .text._sbrk    0x080025e0       0x6c ./Core/Src/sysmem.o
                0x080025e0                _sbrk
 .text.SystemInit
                0x0800264c      0x120 ./Core/Src/system_stm32h7xx.o
                0x0800264c                SystemInit
 .text.ExitRun0Mode
                0x0800276c       0x34 ./Core/Src/system_stm32h7xx.o
                0x0800276c                ExitRun0Mode
 .text.Reset_Handler
                0x080027a0       0x54 ./Core/Startup/startup_stm32h725vgtx.o
                0x080027a0                Reset_Handler
 .text.Default_Handler
                0x080027f4        0x2 ./Core/Startup/startup_stm32h725vgtx.o
                0x080027f4                RTC_Alarm_IRQHandler
                0x080027f4                EXTI2_IRQHandler
                0x080027f4                TIM8_CC_IRQHandler
                0x080027f4                UART8_IRQHandler
                0x080027f4                SPI4_IRQHandler
                0x080027f4                FDCAN3_IT0_IRQHandler
                0x080027f4                TIM1_CC_IRQHandler
                0x080027f4                BDMA_Channel6_IRQHandler
                0x080027f4                DMA2_Stream5_IRQHandler
                0x080027f4                DMA1_Stream5_IRQHandler
                0x080027f4                CORDIC_IRQHandler
                0x080027f4                BDMA_Channel1_IRQHandler
                0x080027f4                TAMP_STAMP_IRQHandler
                0x080027f4                EXTI3_IRQHandler
                0x080027f4                LPTIM4_IRQHandler
                0x080027f4                TIM8_TRG_COM_TIM14_IRQHandler
                0x080027f4                LPTIM2_IRQHandler
                0x080027f4                DFSDM1_FLT1_IRQHandler
                0x080027f4                DMAMUX2_OVR_IRQHandler
                0x080027f4                TIM8_UP_TIM13_IRQHandler
                0x080027f4                I2C3_ER_IRQHandler
                0x080027f4                DFSDM1_FLT2_IRQHandler
                0x080027f4                I2C5_EV_IRQHandler
                0x080027f4                USART10_IRQHandler
                0x080027f4                MDMA_IRQHandler
                0x080027f4                LPTIM3_IRQHandler
                0x080027f4                HSEM1_IRQHandler
                0x080027f4                EXTI0_IRQHandler
                0x080027f4                I2C2_EV_IRQHandler
                0x080027f4                DMA1_Stream2_IRQHandler
                0x080027f4                FPU_IRQHandler
                0x080027f4                OTG_HS_WKUP_IRQHandler
                0x080027f4                FDCAN1_IT1_IRQHandler
                0x080027f4                LTDC_ER_IRQHandler
                0x080027f4                DMA2_Stream2_IRQHandler
                0x080027f4                SPI1_IRQHandler
                0x080027f4                OCTOSPI1_IRQHandler
                0x080027f4                TIM6_DAC_IRQHandler
                0x080027f4                DMA2_Stream3_IRQHandler
                0x080027f4                OCTOSPI2_IRQHandler
                0x080027f4                DFSDM1_FLT3_IRQHandler
                0x080027f4                TIM23_IRQHandler
                0x080027f4                USART6_IRQHandler
                0x080027f4                TIM17_IRQHandler
                0x080027f4                USART3_IRQHandler
                0x080027f4                BDMA_Channel7_IRQHandler
                0x080027f4                LPTIM5_IRQHandler
                0x080027f4                UART5_IRQHandler
                0x080027f4                ADC3_IRQHandler
                0x080027f4                DMA2_Stream0_IRQHandler
                0x080027f4                TIM4_IRQHandler
                0x080027f4                BDMA_Channel2_IRQHandler
                0x080027f4                I2C1_EV_IRQHandler
                0x080027f4                DMA1_Stream6_IRQHandler
                0x080027f4                DMAMUX1_OVR_IRQHandler
                0x080027f4                DMA1_Stream1_IRQHandler
                0x080027f4                TIM16_IRQHandler
                0x080027f4                BDMA_Channel5_IRQHandler
                0x080027f4                TIM3_IRQHandler
                0x080027f4                RCC_IRQHandler
                0x080027f4                UART9_IRQHandler
                0x080027f4                TIM8_BRK_TIM12_IRQHandler
                0x080027f4                TIM1_TRG_COM_IRQHandler
                0x080027f4                Default_Handler
                0x080027f4                ECC_IRQHandler
                0x080027f4                FMAC_IRQHandler
                0x080027f4                CEC_IRQHandler
                0x080027f4                EXTI15_10_IRQHandler
                0x080027f4                BDMA_Channel0_IRQHandler
                0x080027f4                I2C5_ER_IRQHandler
                0x080027f4                DMA1_Stream7_IRQHandler
                0x080027f4                SPI5_IRQHandler
                0x080027f4                TIM7_IRQHandler
                0x080027f4                FDCAN3_IT1_IRQHandler
                0x080027f4                SDMMC1_IRQHandler
                0x080027f4                TIM5_IRQHandler
                0x080027f4                DMA2_Stream7_IRQHandler
                0x080027f4                TIM15_IRQHandler
                0x080027f4                PVD_AVD_IRQHandler
                0x080027f4                I2C3_EV_IRQHandler
                0x080027f4                EXTI9_5_IRQHandler
                0x080027f4                RTC_WKUP_IRQHandler
                0x080027f4                LTDC_IRQHandler
                0x080027f4                ETH_WKUP_IRQHandler
                0x080027f4                SPDIF_RX_IRQHandler
                0x080027f4                SPI2_IRQHandler
                0x080027f4                OTG_HS_EP1_IN_IRQHandler
                0x080027f4                DMA1_Stream0_IRQHandler
                0x080027f4                TIM24_IRQHandler
                0x080027f4                CRS_IRQHandler
                0x080027f4                EXTI4_IRQHandler
                0x080027f4                RNG_IRQHandler
                0x080027f4                FDCAN2_IT1_IRQHandler
                0x080027f4                ETH_IRQHandler
                0x080027f4                TIM1_UP_IRQHandler
                0x080027f4                BDMA_Channel4_IRQHandler
                0x080027f4                OTG_HS_EP1_OUT_IRQHandler
                0x080027f4                WWDG_IRQHandler
                0x080027f4                SPI6_IRQHandler
                0x080027f4                MDIOS_IRQHandler
                0x080027f4                I2C4_EV_IRQHandler
                0x080027f4                FDCAN2_IT0_IRQHandler
                0x080027f4                LPUART1_IRQHandler
                0x080027f4                FDCAN1_IT0_IRQHandler
                0x080027f4                TIM2_IRQHandler
                0x080027f4                DMA2D_IRQHandler
                0x080027f4                TIM1_BRK_IRQHandler
                0x080027f4                EXTI1_IRQHandler
                0x080027f4                SDMMC2_IRQHandler
                0x080027f4                BDMA_Channel3_IRQHandler
                0x080027f4                DTS_IRQHandler
                0x080027f4                UART7_IRQHandler
                0x080027f4                MDIOS_WKUP_IRQHandler
                0x080027f4                USART2_IRQHandler
                0x080027f4                DFSDM1_FLT0_IRQHandler
                0x080027f4                SAI4_IRQHandler
                0x080027f4                I2C2_ER_IRQHandler
                0x080027f4                DMA2_Stream1_IRQHandler
                0x080027f4                FLASH_IRQHandler
                0x080027f4                DMA2_Stream4_IRQHandler
                0x080027f4                USART1_IRQHandler
                0x080027f4                SPI3_IRQHandler
                0x080027f4                WAKEUP_PIN_IRQHandler
                0x080027f4                DMA1_Stream4_IRQHandler
                0x080027f4                I2C1_ER_IRQHandler
                0x080027f4                FMC_IRQHandler
                0x080027f4                FDCAN_CAL_IRQHandler
                0x080027f4                SWPMI1_IRQHandler
                0x080027f4                COMP1_IRQHandler
                0x080027f4                LPTIM1_IRQHandler
                0x080027f4                DCMI_PSSI_IRQHandler
                0x080027f4                I2C4_ER_IRQHandler
                0x080027f4                DMA2_Stream6_IRQHandler
                0x080027f4                SAI1_IRQHandler
                0x080027f4                DMA1_Stream3_IRQHandler
 *fill*         0x080027f6        0x2 
 .text.HAL_Init
                0x080027f8       0x78 ./Drivers/STM32H7xx_HAL_Driver/Src/stm32h7xx_hal.o
                0x080027f8                HAL_Init
 .text.HAL_InitTick
                0x08002870       0x6c ./Drivers/STM32H7xx_HAL_Driver/Src/stm32h7xx_hal.o
                0x08002870                HAL_InitTick
 .text.HAL_IncTick
                0x080028dc       0x28 ./Drivers/STM32H7xx_HAL_Driver/Src/stm32h7xx_hal.o
                0x080028dc                HAL_IncTick
 .text.HAL_GetTick
                0x08002904       0x18 ./Drivers/STM32H7xx_HAL_Driver/Src/stm32h7xx_hal.o
                0x08002904                HAL_GetTick
 .text.HAL_Delay
                0x0800291c       0x48 ./Drivers/STM32H7xx_HAL_Driver/Src/stm32h7xx_hal.o
                0x0800291c                HAL_Delay
 .text.HAL_SYSCFG_AnalogSwitchConfig
                0x08002964       0x2c ./Drivers/STM32H7xx_HAL_Driver/Src/stm32h7xx_hal.o
                0x08002964                HAL_SYSCFG_AnalogSwitchConfig
 .text.LL_ADC_SetCommonClock
                0x08002990       0x26 ./Drivers/STM32H7xx_HAL_Driver/Src/stm32h7xx_hal_adc.o
 .text.LL_ADC_SetCommonPathInternalCh
                0x080029b6       0x26 ./Drivers/STM32H7xx_HAL_Driver/Src/stm32h7xx_hal_adc.o
 .text.LL_ADC_GetCommonPathInternalCh
                0x080029dc       0x1c ./Drivers/STM32H7xx_HAL_Driver/Src/stm32h7xx_hal_adc.o
 .text.LL_ADC_SetChannelPreselection
                0x080029f8       0x74 ./Drivers/STM32H7xx_HAL_Driver/Src/stm32h7xx_hal_adc.o
 .text.LL_ADC_SetOffset
                0x08002a6c       0x64 ./Drivers/STM32H7xx_HAL_Driver/Src/stm32h7xx_hal_adc.o
 .text.LL_ADC_GetOffsetChannel
                0x08002ad0       0x2c ./Drivers/STM32H7xx_HAL_Driver/Src/stm32h7xx_hal_adc.o
 .text.LL_ADC_SetDataRightShift
                0x08002afc       0x32 ./Drivers/STM32H7xx_HAL_Driver/Src/stm32h7xx_hal_adc.o
 *fill*         0x08002b2e        0x2 
 .text.LL_ADC_SetOffsetSignedSaturation
                0x08002b30       0x44 ./Drivers/STM32H7xx_HAL_Driver/Src/stm32h7xx_hal_adc.o
 .text.LL_ADC_SetOffsetSaturation
                0x08002b74       0x44 ./Drivers/STM32H7xx_HAL_Driver/Src/stm32h7xx_hal_adc.o
 .text.LL_ADC_SetOffsetSign
                0x08002bb8       0x44 ./Drivers/STM32H7xx_HAL_Driver/Src/stm32h7xx_hal_adc.o
 .text.LL_ADC_SetOffsetState
                0x08002bfc       0x54 ./Drivers/STM32H7xx_HAL_Driver/Src/stm32h7xx_hal_adc.o
 .text.LL_ADC_REG_IsTriggerSourceSWStart
                0x08002c50       0x26 ./Drivers/STM32H7xx_HAL_Driver/Src/stm32h7xx_hal_adc.o
 .text.LL_ADC_REG_SetSequencerRanks
                0x08002c76       0x58 ./Drivers/STM32H7xx_HAL_Driver/Src/stm32h7xx_hal_adc.o
 .text.LL_ADC_INJ_IsTriggerSourceSWStart
                0x08002cce       0x26 ./Drivers/STM32H7xx_HAL_Driver/Src/stm32h7xx_hal_adc.o
 .text.LL_ADC_SetChannelSamplingTime
                0x08002cf4       0x56 ./Drivers/STM32H7xx_HAL_Driver/Src/stm32h7xx_hal_adc.o
 *fill*         0x08002d4a        0x2 
 .text.LL_ADC_SetChannelSingleDiff
                0x08002d4c       0x80 ./Drivers/STM32H7xx_HAL_Driver/Src/stm32h7xx_hal_adc.o
 .text.LL_ADC_GetMultimode
                0x08002dcc       0x1c ./Drivers/STM32H7xx_HAL_Driver/Src/stm32h7xx_hal_adc.o
 .text.LL_ADC_GetMultiDMATransfer
                0x08002de8       0x1c ./Drivers/STM32H7xx_HAL_Driver/Src/stm32h7xx_hal_adc.o
 .text.LL_ADC_DisableDeepPowerDown
                0x08002e04       0x24 ./Drivers/STM32H7xx_HAL_Driver/Src/stm32h7xx_hal_adc.o
 .text.LL_ADC_IsDeepPowerDownEnabled
                0x08002e28       0x28 ./Drivers/STM32H7xx_HAL_Driver/Src/stm32h7xx_hal_adc.o
 .text.LL_ADC_EnableInternalRegulator
                0x08002e50       0x28 ./Drivers/STM32H7xx_HAL_Driver/Src/stm32h7xx_hal_adc.o
 .text.LL_ADC_IsInternalRegulatorEnabled
                0x08002e78       0x28 ./Drivers/STM32H7xx_HAL_Driver/Src/stm32h7xx_hal_adc.o
 .text.LL_ADC_Enable
                0x08002ea0       0x28 ./Drivers/STM32H7xx_HAL_Driver/Src/stm32h7xx_hal_adc.o
 .text.LL_ADC_IsEnabled
                0x08002ec8       0x26 ./Drivers/STM32H7xx_HAL_Driver/Src/stm32h7xx_hal_adc.o
 *fill*         0x08002eee        0x2 
 .text.LL_ADC_REG_StartConversion
                0x08002ef0       0x28 ./Drivers/STM32H7xx_HAL_Driver/Src/stm32h7xx_hal_adc.o
 .text.LL_ADC_REG_IsConversionOngoing
                0x08002f18       0x26 ./Drivers/STM32H7xx_HAL_Driver/Src/stm32h7xx_hal_adc.o
 .text.LL_ADC_INJ_IsConversionOngoing
                0x08002f3e       0x26 ./Drivers/STM32H7xx_HAL_Driver/Src/stm32h7xx_hal_adc.o
 .text.HAL_ADC_Init
                0x08002f64      0x410 ./Drivers/STM32H7xx_HAL_Driver/Src/stm32h7xx_hal_adc.o
                0x08002f64                HAL_ADC_Init
 .text.HAL_ADC_Start_IT
                0x08003374      0x27c ./Drivers/STM32H7xx_HAL_Driver/Src/stm32h7xx_hal_adc.o
                0x08003374                HAL_ADC_Start_IT
 .text.HAL_ADC_GetValue
                0x080035f0       0x1a ./Drivers/STM32H7xx_HAL_Driver/Src/stm32h7xx_hal_adc.o
                0x080035f0                HAL_ADC_GetValue
 *fill*         0x0800360a        0x2 
 .text.HAL_ADC_IRQHandler
                0x0800360c      0x474 ./Drivers/STM32H7xx_HAL_Driver/Src/stm32h7xx_hal_adc.o
                0x0800360c                HAL_ADC_IRQHandler
 .text.HAL_ADC_LevelOutOfWindowCallback
                0x08003a80       0x14 ./Drivers/STM32H7xx_HAL_Driver/Src/stm32h7xx_hal_adc.o
                0x08003a80                HAL_ADC_LevelOutOfWindowCallback
 .text.HAL_ADC_ErrorCallback
                0x08003a94       0x14 ./Drivers/STM32H7xx_HAL_Driver/Src/stm32h7xx_hal_adc.o
                0x08003a94                HAL_ADC_ErrorCallback
 .text.HAL_ADC_ConfigChannel
                0x08003aa8      0x9a8 ./Drivers/STM32H7xx_HAL_Driver/Src/stm32h7xx_hal_adc.o
                0x08003aa8                HAL_ADC_ConfigChannel
 .text.ADC_Enable
                0x08004450      0x114 ./Drivers/STM32H7xx_HAL_Driver/Src/stm32h7xx_hal_adc.o
                0x08004450                ADC_Enable
 .text.ADC_ConfigureBoostMode
                0x08004564      0x1dc ./Drivers/STM32H7xx_HAL_Driver/Src/stm32h7xx_hal_adc.o
                0x08004564                ADC_ConfigureBoostMode
 .text.HAL_ADCEx_InjectedConvCpltCallback
                0x08004740       0x14 ./Drivers/STM32H7xx_HAL_Driver/Src/stm32h7xx_hal_adc_ex.o
                0x08004740                HAL_ADCEx_InjectedConvCpltCallback
 .text.HAL_ADCEx_InjectedQueueOverflowCallback
                0x08004754       0x14 ./Drivers/STM32H7xx_HAL_Driver/Src/stm32h7xx_hal_adc_ex.o
                0x08004754                HAL_ADCEx_InjectedQueueOverflowCallback
 .text.HAL_ADCEx_LevelOutOfWindow2Callback
                0x08004768       0x14 ./Drivers/STM32H7xx_HAL_Driver/Src/stm32h7xx_hal_adc_ex.o
                0x08004768                HAL_ADCEx_LevelOutOfWindow2Callback
 .text.HAL_ADCEx_LevelOutOfWindow3Callback
                0x0800477c       0x14 ./Drivers/STM32H7xx_HAL_Driver/Src/stm32h7xx_hal_adc_ex.o
                0x0800477c                HAL_ADCEx_LevelOutOfWindow3Callback
 .text.HAL_ADCEx_EndOfSamplingCallback
                0x08004790       0x14 ./Drivers/STM32H7xx_HAL_Driver/Src/stm32h7xx_hal_adc_ex.o
                0x08004790                HAL_ADCEx_EndOfSamplingCallback
 .text.HAL_CORDIC_Init
                0x080047a4       0x62 ./Drivers/STM32H7xx_HAL_Driver/Src/stm32h7xx_hal_cordic.o
                0x080047a4                HAL_CORDIC_Init
 *fill*         0x08004806        0x2 
 .text.__NVIC_SetPriorityGrouping
                0x08004808       0x48 ./Drivers/STM32H7xx_HAL_Driver/Src/stm32h7xx_hal_cortex.o
 .text.__NVIC_GetPriorityGrouping
                0x08004850       0x1c ./Drivers/STM32H7xx_HAL_Driver/Src/stm32h7xx_hal_cortex.o
 .text.__NVIC_EnableIRQ
                0x0800486c       0x3c ./Drivers/STM32H7xx_HAL_Driver/Src/stm32h7xx_hal_cortex.o
 .text.__NVIC_SetPriority
                0x080048a8       0x54 ./Drivers/STM32H7xx_HAL_Driver/Src/stm32h7xx_hal_cortex.o
 .text.NVIC_EncodePriority
                0x080048fc       0x66 ./Drivers/STM32H7xx_HAL_Driver/Src/stm32h7xx_hal_cortex.o
 *fill*         0x08004962        0x2 
 .text.SysTick_Config
                0x08004964       0x44 ./Drivers/STM32H7xx_HAL_Driver/Src/stm32h7xx_hal_cortex.o
 .text.HAL_NVIC_SetPriorityGrouping
                0x080049a8       0x16 ./Drivers/STM32H7xx_HAL_Driver/Src/stm32h7xx_hal_cortex.o
                0x080049a8                HAL_NVIC_SetPriorityGrouping
 .text.HAL_NVIC_SetPriority
                0x080049be       0x34 ./Drivers/STM32H7xx_HAL_Driver/Src/stm32h7xx_hal_cortex.o
                0x080049be                HAL_NVIC_SetPriority
 .text.HAL_NVIC_EnableIRQ
                0x080049f2       0x1c ./Drivers/STM32H7xx_HAL_Driver/Src/stm32h7xx_hal_cortex.o
                0x080049f2                HAL_NVIC_EnableIRQ
 .text.HAL_SYSTICK_Config
                0x08004a0e       0x18 ./Drivers/STM32H7xx_HAL_Driver/Src/stm32h7xx_hal_cortex.o
                0x08004a0e                HAL_SYSTICK_Config
 *fill*         0x08004a26        0x2 
 .text.HAL_MPU_Disable
                0x08004a28       0x30 ./Drivers/STM32H7xx_HAL_Driver/Src/stm32h7xx_hal_cortex.o
                0x08004a28                HAL_MPU_Disable
 .text.HAL_MPU_Enable
                0x08004a58       0x40 ./Drivers/STM32H7xx_HAL_Driver/Src/stm32h7xx_hal_cortex.o
                0x08004a58                HAL_MPU_Enable
 .text.HAL_MPU_ConfigRegion
                0x08004a98       0x80 ./Drivers/STM32H7xx_HAL_Driver/Src/stm32h7xx_hal_cortex.o
                0x08004a98                HAL_MPU_ConfigRegion
 .text.HAL_CRC_Init
                0x08004b18       0xc8 ./Drivers/STM32H7xx_HAL_Driver/Src/stm32h7xx_hal_crc.o
                0x08004b18                HAL_CRC_Init
 .text.HAL_CRCEx_Polynomial_Set
                0x08004be0      0x11c ./Drivers/STM32H7xx_HAL_Driver/Src/stm32h7xx_hal_crc_ex.o
                0x08004be0                HAL_CRCEx_Polynomial_Set
 .text.HAL_DMA_Abort
                0x08004cfc      0x63c ./Drivers/STM32H7xx_HAL_Driver/Src/stm32h7xx_hal_dma.o
                0x08004cfc                HAL_DMA_Abort
 .text.HAL_DMA_Abort_IT
                0x08005338      0x48c ./Drivers/STM32H7xx_HAL_Driver/Src/stm32h7xx_hal_dma.o
                0x08005338                HAL_DMA_Abort_IT
 .text.HAL_FMAC_Init
                0x080057c4       0x82 ./Drivers/STM32H7xx_HAL_Driver/Src/stm32h7xx_hal_fmac.o
                0x080057c4                HAL_FMAC_Init
 .text.FMAC_Reset
                0x08005846       0x5e ./Drivers/STM32H7xx_HAL_Driver/Src/stm32h7xx_hal_fmac.o
 .text.FMAC_ResetDataPointers
                0x080058a4       0x1c ./Drivers/STM32H7xx_HAL_Driver/Src/stm32h7xx_hal_fmac.o
 .text.FMAC_ResetInputStateAndDataPointers
                0x080058c0       0x2e ./Drivers/STM32H7xx_HAL_Driver/Src/stm32h7xx_hal_fmac.o
 .text.FMAC_ResetOutputStateAndDataPointers
                0x080058ee       0x2e ./Drivers/STM32H7xx_HAL_Driver/Src/stm32h7xx_hal_fmac.o
 .text.HAL_GPIO_Init
                0x0800591c      0x350 ./Drivers/STM32H7xx_HAL_Driver/Src/stm32h7xx_hal_gpio.o
                0x0800591c                HAL_GPIO_Init
 .text.HAL_GPIO_ReadPin
                0x08005c6c       0x30 ./Drivers/STM32H7xx_HAL_Driver/Src/stm32h7xx_hal_gpio.o
                0x08005c6c                HAL_GPIO_ReadPin
 .text.HAL_GPIO_WritePin
                0x08005c9c       0x32 ./Drivers/STM32H7xx_HAL_Driver/Src/stm32h7xx_hal_gpio.o
                0x08005c9c                HAL_GPIO_WritePin
 .text.HAL_GPIO_TogglePin
                0x08005cce       0x34 ./Drivers/STM32H7xx_HAL_Driver/Src/stm32h7xx_hal_gpio.o
                0x08005cce                HAL_GPIO_TogglePin
 *fill*         0x08005d02        0x2 
 .text.HAL_I2C_Init
                0x08005d04      0x138 ./Drivers/STM32H7xx_HAL_Driver/Src/stm32h7xx_hal_i2c.o
                0x08005d04                HAL_I2C_Init
 .text.HAL_I2C_Mem_Write
                0x08005e3c      0x228 ./Drivers/STM32H7xx_HAL_Driver/Src/stm32h7xx_hal_i2c.o
                0x08005e3c                HAL_I2C_Mem_Write
 .text.HAL_I2C_Mem_Read
                0x08006064      0x234 ./Drivers/STM32H7xx_HAL_Driver/Src/stm32h7xx_hal_i2c.o
                0x08006064                HAL_I2C_Mem_Read
 .text.I2C_RequestMemoryWrite
                0x08006298       0xa8 ./Drivers/STM32H7xx_HAL_Driver/Src/stm32h7xx_hal_i2c.o
 .text.I2C_RequestMemoryRead
                0x08006340       0xa8 ./Drivers/STM32H7xx_HAL_Driver/Src/stm32h7xx_hal_i2c.o
 .text.I2C_Flush_TXDR
                0x080063e8       0x48 ./Drivers/STM32H7xx_HAL_Driver/Src/stm32h7xx_hal_i2c.o
 .text.I2C_WaitOnFlagUntilTimeout
                0x08006430       0xb2 ./Drivers/STM32H7xx_HAL_Driver/Src/stm32h7xx_hal_i2c.o
 .text.I2C_WaitOnTXISFlagUntilTimeout
                0x080064e2       0x8e ./Drivers/STM32H7xx_HAL_Driver/Src/stm32h7xx_hal_i2c.o
 .text.I2C_WaitOnSTOPFlagUntilTimeout
                0x08006570       0x86 ./Drivers/STM32H7xx_HAL_Driver/Src/stm32h7xx_hal_i2c.o
 *fill*         0x080065f6        0x2 
 .text.I2C_IsErrorOccurred
                0x080065f8      0x1c0 ./Drivers/STM32H7xx_HAL_Driver/Src/stm32h7xx_hal_i2c.o
 .text.I2C_TransferConfig
                0x080067b8       0x64 ./Drivers/STM32H7xx_HAL_Driver/Src/stm32h7xx_hal_i2c.o
 .text.HAL_I2CEx_ConfigAnalogFilter
                0x0800681c       0x96 ./Drivers/STM32H7xx_HAL_Driver/Src/stm32h7xx_hal_i2c_ex.o
                0x0800681c                HAL_I2CEx_ConfigAnalogFilter
 .text.HAL_I2CEx_ConfigDigitalFilter
                0x080068b2       0x98 ./Drivers/STM32H7xx_HAL_Driver/Src/stm32h7xx_hal_i2c_ex.o
                0x080068b2                HAL_I2CEx_ConfigDigitalFilter
 .text.HAL_PCD_Init
                0x0800694a      0x218 ./Drivers/STM32H7xx_HAL_Driver/Src/stm32h7xx_hal_pcd.o
                0x0800694a                HAL_PCD_Init
 .text.HAL_PCD_Start
                0x08006b62       0x6a ./Drivers/STM32H7xx_HAL_Driver/Src/stm32h7xx_hal_pcd.o
                0x08006b62                HAL_PCD_Start
 .text.HAL_PCD_IRQHandler
                0x08006bcc      0x99c ./Drivers/STM32H7xx_HAL_Driver/Src/stm32h7xx_hal_pcd.o
                0x08006bcc                HAL_PCD_IRQHandler
 .text.HAL_PCD_SetAddress
                0x08007568       0x48 ./Drivers/STM32H7xx_HAL_Driver/Src/stm32h7xx_hal_pcd.o
                0x08007568                HAL_PCD_SetAddress
 .text.HAL_PCD_EP_Open
                0x080075b0       0xd4 ./Drivers/STM32H7xx_HAL_Driver/Src/stm32h7xx_hal_pcd.o
                0x080075b0                HAL_PCD_EP_Open
 .text.HAL_PCD_EP_Close
                0x08007684       0x94 ./Drivers/STM32H7xx_HAL_Driver/Src/stm32h7xx_hal_pcd.o
                0x08007684                HAL_PCD_EP_Close
 .text.HAL_PCD_EP_Receive
                0x08007718       0x76 ./Drivers/STM32H7xx_HAL_Driver/Src/stm32h7xx_hal_pcd.o
                0x08007718                HAL_PCD_EP_Receive
 .text.HAL_PCD_EP_GetRxCount
                0x0800778e       0x30 ./Drivers/STM32H7xx_HAL_Driver/Src/stm32h7xx_hal_pcd.o
                0x0800778e                HAL_PCD_EP_GetRxCount
 .text.HAL_PCD_EP_Transmit
                0x080077be       0x74 ./Drivers/STM32H7xx_HAL_Driver/Src/stm32h7xx_hal_pcd.o
                0x080077be                HAL_PCD_EP_Transmit
 .text.HAL_PCD_EP_SetStall
                0x08007832       0xc6 ./Drivers/STM32H7xx_HAL_Driver/Src/stm32h7xx_hal_pcd.o
                0x08007832                HAL_PCD_EP_SetStall
 .text.HAL_PCD_EP_ClrStall
                0x080078f8       0xac ./Drivers/STM32H7xx_HAL_Driver/Src/stm32h7xx_hal_pcd.o
                0x080078f8                HAL_PCD_EP_ClrStall
 .text.HAL_PCD_EP_Abort
                0x080079a4       0x62 ./Drivers/STM32H7xx_HAL_Driver/Src/stm32h7xx_hal_pcd.o
                0x080079a4                HAL_PCD_EP_Abort
 .text.PCD_WriteEmptyTxFifo
                0x08007a06      0x118 ./Drivers/STM32H7xx_HAL_Driver/Src/stm32h7xx_hal_pcd.o
 *fill*         0x08007b1e        0x2 
 .text.PCD_EP_OutXfrComplete_int
                0x08007b20      0x1d0 ./Drivers/STM32H7xx_HAL_Driver/Src/stm32h7xx_hal_pcd.o
 .text.PCD_EP_OutSetupPacket_int
                0x08007cf0       0x8c ./Drivers/STM32H7xx_HAL_Driver/Src/stm32h7xx_hal_pcd.o
 .text.HAL_PCDEx_SetTxFiFo
                0x08007d7c       0x8e ./Drivers/STM32H7xx_HAL_Driver/Src/stm32h7xx_hal_pcd_ex.o
                0x08007d7c                HAL_PCDEx_SetTxFiFo
 .text.HAL_PCDEx_SetRxFiFo
                0x08007e0a       0x22 ./Drivers/STM32H7xx_HAL_Driver/Src/stm32h7xx_hal_pcd_ex.o
                0x08007e0a                HAL_PCDEx_SetRxFiFo
 .text.HAL_PCDEx_ActivateLPM
                0x08007e2c       0x48 ./Drivers/STM32H7xx_HAL_Driver/Src/stm32h7xx_hal_pcd_ex.o
                0x08007e2c                HAL_PCDEx_ActivateLPM
 .text.HAL_PCDEx_LPM_Callback
                0x08007e74       0x18 ./Drivers/STM32H7xx_HAL_Driver/Src/stm32h7xx_hal_pcd_ex.o
                0x08007e74                HAL_PCDEx_LPM_Callback
 .text.HAL_PWREx_ConfigSupply
                0x08007e8c       0xb4 ./Drivers/STM32H7xx_HAL_Driver/Src/stm32h7xx_hal_pwr_ex.o
                0x08007e8c                HAL_PWREx_ConfigSupply
 .text.HAL_PWREx_EnableUSBVoltageDetector
                0x08007f40       0x20 ./Drivers/STM32H7xx_HAL_Driver/Src/stm32h7xx_hal_pwr_ex.o
                0x08007f40                HAL_PWREx_EnableUSBVoltageDetector
 .text.HAL_RCC_OscConfig
                0x08007f60      0x7b4 ./Drivers/STM32H7xx_HAL_Driver/Src/stm32h7xx_hal_rcc.o
                0x08007f60                HAL_RCC_OscConfig
 .text.HAL_RCC_ClockConfig
                0x08008714      0x36c ./Drivers/STM32H7xx_HAL_Driver/Src/stm32h7xx_hal_rcc.o
                0x08008714                HAL_RCC_ClockConfig
 .text.HAL_RCC_GetSysClockFreq
                0x08008a80      0x2f4 ./Drivers/STM32H7xx_HAL_Driver/Src/stm32h7xx_hal_rcc.o
                0x08008a80                HAL_RCC_GetSysClockFreq
 .text.HAL_RCC_GetHCLKFreq
                0x08008d74       0x60 ./Drivers/STM32H7xx_HAL_Driver/Src/stm32h7xx_hal_rcc.o
                0x08008d74                HAL_RCC_GetHCLKFreq
 .text.HAL_RCC_GetPCLK1Freq
                0x08008dd4       0x2c ./Drivers/STM32H7xx_HAL_Driver/Src/stm32h7xx_hal_rcc.o
                0x08008dd4                HAL_RCC_GetPCLK1Freq
 .text.HAL_RCC_GetPCLK2Freq
                0x08008e00       0x2c ./Drivers/STM32H7xx_HAL_Driver/Src/stm32h7xx_hal_rcc.o
                0x08008e00                HAL_RCC_GetPCLK2Freq
 .text.HAL_RCCEx_PeriphCLKConfig
                0x08008e2c     0x1340 ./Drivers/STM32H7xx_HAL_Driver/Src/stm32h7xx_hal_rcc_ex.o
                0x08008e2c                HAL_RCCEx_PeriphCLKConfig
 .text.HAL_RCCEx_GetPeriphCLKFreq
                0x0800a16c      0x9a4 ./Drivers/STM32H7xx_HAL_Driver/Src/stm32h7xx_hal_rcc_ex.o
                0x0800a16c                HAL_RCCEx_GetPeriphCLKFreq
 .text.HAL_RCCEx_GetD3PCLK1Freq
                0x0800ab10       0x2c ./Drivers/STM32H7xx_HAL_Driver/Src/stm32h7xx_hal_rcc_ex.o
                0x0800ab10                HAL_RCCEx_GetD3PCLK1Freq
 .text.HAL_RCCEx_GetPLL2ClockFreq
                0x0800ab3c      0x2a8 ./Drivers/STM32H7xx_HAL_Driver/Src/stm32h7xx_hal_rcc_ex.o
                0x0800ab3c                HAL_RCCEx_GetPLL2ClockFreq
 .text.HAL_RCCEx_GetPLL3ClockFreq
                0x0800ade4      0x2a8 ./Drivers/STM32H7xx_HAL_Driver/Src/stm32h7xx_hal_rcc_ex.o
                0x0800ade4                HAL_RCCEx_GetPLL3ClockFreq
 .text.HAL_RCCEx_GetPLL1ClockFreq
                0x0800b08c      0x2a4 ./Drivers/STM32H7xx_HAL_Driver/Src/stm32h7xx_hal_rcc_ex.o
                0x0800b08c                HAL_RCCEx_GetPLL1ClockFreq
 .text.RCCEx_PLL2_Config
                0x0800b330      0x164 ./Drivers/STM32H7xx_HAL_Driver/Src/stm32h7xx_hal_rcc_ex.o
 .text.RCCEx_PLL3_Config
                0x0800b494      0x164 ./Drivers/STM32H7xx_HAL_Driver/Src/stm32h7xx_hal_rcc_ex.o
 .text.HAL_SPI_Init
                0x0800b5f8      0x248 ./Drivers/STM32H7xx_HAL_Driver/Src/stm32h7xx_hal_spi.o
                0x0800b5f8                HAL_SPI_Init
 .text.SPI_GetPacketSize
                0x0800b840       0x36 ./Drivers/STM32H7xx_HAL_Driver/Src/stm32h7xx_hal_spi.o
 .text.HAL_TIM_PWM_Init
                0x0800b876       0xae ./Drivers/STM32H7xx_HAL_Driver/Src/stm32h7xx_hal_tim.o
                0x0800b876                HAL_TIM_PWM_Init
 .text.HAL_TIM_PWM_Start
                0x0800b924      0x238 ./Drivers/STM32H7xx_HAL_Driver/Src/stm32h7xx_hal_tim.o
                0x0800b924                HAL_TIM_PWM_Start
 .text.HAL_TIM_Encoder_Init
                0x0800bb5c      0x14c ./Drivers/STM32H7xx_HAL_Driver/Src/stm32h7xx_hal_tim.o
                0x0800bb5c                HAL_TIM_Encoder_Init
 .text.HAL_TIM_Encoder_Start_IT
                0x0800bca8      0x15c ./Drivers/STM32H7xx_HAL_Driver/Src/stm32h7xx_hal_tim.o
                0x0800bca8                HAL_TIM_Encoder_Start_IT
 .text.HAL_TIM_PWM_ConfigChannel
                0x0800be04      0x228 ./Drivers/STM32H7xx_HAL_Driver/Src/stm32h7xx_hal_tim.o
                0x0800be04                HAL_TIM_PWM_ConfigChannel
 .text.TIM_Base_SetConfig
                0x0800c02c      0x158 ./Drivers/STM32H7xx_HAL_Driver/Src/stm32h7xx_hal_tim.o
                0x0800c02c                TIM_Base_SetConfig
 .text.TIM_OC1_SetConfig
                0x0800c184      0x120 ./Drivers/STM32H7xx_HAL_Driver/Src/stm32h7xx_hal_tim.o
 .text.TIM_OC2_SetConfig
                0x0800c2a4      0x114 ./Drivers/STM32H7xx_HAL_Driver/Src/stm32h7xx_hal_tim.o
                0x0800c2a4                TIM_OC2_SetConfig
 .text.TIM_OC3_SetConfig
                0x0800c3b8      0x110 ./Drivers/STM32H7xx_HAL_Driver/Src/stm32h7xx_hal_tim.o
 .text.TIM_OC4_SetConfig
                0x0800c4c8       0xd4 ./Drivers/STM32H7xx_HAL_Driver/Src/stm32h7xx_hal_tim.o
 .text.TIM_OC5_SetConfig
                0x0800c59c       0xc8 ./Drivers/STM32H7xx_HAL_Driver/Src/stm32h7xx_hal_tim.o
 .text.TIM_OC6_SetConfig
                0x0800c664       0xcc ./Drivers/STM32H7xx_HAL_Driver/Src/stm32h7xx_hal_tim.o
 .text.TIM_CCxChannelCmd
                0x0800c730       0x4a ./Drivers/STM32H7xx_HAL_Driver/Src/stm32h7xx_hal_tim.o
                0x0800c730                TIM_CCxChannelCmd
 *fill*         0x0800c77a        0x2 
 .text.HAL_TIMEx_MasterConfigSynchronization
                0x0800c77c      0x138 ./Drivers/STM32H7xx_HAL_Driver/Src/stm32h7xx_hal_tim_ex.o
                0x0800c77c                HAL_TIMEx_MasterConfigSynchronization
 .text.HAL_TIMEx_ConfigBreakDeadTime
                0x0800c8b4      0x118 ./Drivers/STM32H7xx_HAL_Driver/Src/stm32h7xx_hal_tim_ex.o
                0x0800c8b4                HAL_TIMEx_ConfigBreakDeadTime
 .text.HAL_UART_Init
                0x0800c9cc       0xa0 ./Drivers/STM32H7xx_HAL_Driver/Src/stm32h7xx_hal_uart.o
                0x0800c9cc                HAL_UART_Init
 .text.HAL_UART_Transmit_IT
                0x0800ca6c      0x128 ./Drivers/STM32H7xx_HAL_Driver/Src/stm32h7xx_hal_uart.o
                0x0800ca6c                HAL_UART_Transmit_IT
 .text.HAL_UART_Receive_IT
                0x0800cb94       0x98 ./Drivers/STM32H7xx_HAL_Driver/Src/stm32h7xx_hal_uart.o
                0x0800cb94                HAL_UART_Receive_IT
 .text.HAL_UART_IRQHandler
                0x0800cc2c      0x7ac ./Drivers/STM32H7xx_HAL_Driver/Src/stm32h7xx_hal_uart.o
                0x0800cc2c                HAL_UART_IRQHandler
 .text.HAL_UART_ErrorCallback
                0x0800d3d8       0x14 ./Drivers/STM32H7xx_HAL_Driver/Src/stm32h7xx_hal_uart.o
                0x0800d3d8                HAL_UART_ErrorCallback
 .text.HAL_UARTEx_RxEventCallback
                0x0800d3ec       0x18 ./Drivers/STM32H7xx_HAL_Driver/Src/stm32h7xx_hal_uart.o
                0x0800d3ec                HAL_UARTEx_RxEventCallback
 .text.UART_SetConfig
                0x0800d404      0xcd8 ./Drivers/STM32H7xx_HAL_Driver/Src/stm32h7xx_hal_uart.o
                0x0800d404                UART_SetConfig
 .text.UART_AdvFeatureConfig
                0x0800e0dc      0x144 ./Drivers/STM32H7xx_HAL_Driver/Src/stm32h7xx_hal_uart.o
                0x0800e0dc                UART_AdvFeatureConfig
 .text.UART_CheckIdleState
                0x0800e220      0x154 ./Drivers/STM32H7xx_HAL_Driver/Src/stm32h7xx_hal_uart.o
                0x0800e220                UART_CheckIdleState
 .text.UART_WaitOnFlagUntilTimeout
                0x0800e374       0xda ./Drivers/STM32H7xx_HAL_Driver/Src/stm32h7xx_hal_uart.o
                0x0800e374                UART_WaitOnFlagUntilTimeout
 *fill*         0x0800e44e        0x2 
 .text.UART_Start_Receive_IT
                0x0800e450      0x244 ./Drivers/STM32H7xx_HAL_Driver/Src/stm32h7xx_hal_uart.o
                0x0800e450                UART_Start_Receive_IT
 .text.UART_EndRxTransfer
                0x0800e694       0xcc ./Drivers/STM32H7xx_HAL_Driver/Src/stm32h7xx_hal_uart.o
 .text.UART_DMAAbortOnError
                0x0800e760       0x24 ./Drivers/STM32H7xx_HAL_Driver/Src/stm32h7xx_hal_uart.o
 .text.UART_TxISR_8BIT
                0x0800e784       0xb8 ./Drivers/STM32H7xx_HAL_Driver/Src/stm32h7xx_hal_uart.o
 .text.UART_TxISR_16BIT
                0x0800e83c       0xc2 ./Drivers/STM32H7xx_HAL_Driver/Src/stm32h7xx_hal_uart.o
 .text.UART_TxISR_8BIT_FIFOEN
                0x0800e8fe       0xe0 ./Drivers/STM32H7xx_HAL_Driver/Src/stm32h7xx_hal_uart.o
 .text.UART_TxISR_16BIT_FIFOEN
                0x0800e9de       0xea ./Drivers/STM32H7xx_HAL_Driver/Src/stm32h7xx_hal_uart.o
 .text.UART_EndTransmit_IT
                0x0800eac8       0x56 ./Drivers/STM32H7xx_HAL_Driver/Src/stm32h7xx_hal_uart.o
 *fill*         0x0800eb1e        0x2 
 .text.UART_RxISR_8BIT
                0x0800eb20      0x1b8 ./Drivers/STM32H7xx_HAL_Driver/Src/stm32h7xx_hal_uart.o
 .text.UART_RxISR_16BIT
                0x0800ecd8      0x1b8 ./Drivers/STM32H7xx_HAL_Driver/Src/stm32h7xx_hal_uart.o
 .text.UART_RxISR_8BIT_FIFOEN
                0x0800ee90      0x364 ./Drivers/STM32H7xx_HAL_Driver/Src/stm32h7xx_hal_uart.o
 .text.UART_RxISR_16BIT_FIFOEN
                0x0800f1f4      0x36c ./Drivers/STM32H7xx_HAL_Driver/Src/stm32h7xx_hal_uart.o
 .text.HAL_UARTEx_WakeupCallback
                0x0800f560       0x14 ./Drivers/STM32H7xx_HAL_Driver/Src/stm32h7xx_hal_uart_ex.o
                0x0800f560                HAL_UARTEx_WakeupCallback
 .text.HAL_UARTEx_RxFifoFullCallback
                0x0800f574       0x14 ./Drivers/STM32H7xx_HAL_Driver/Src/stm32h7xx_hal_uart_ex.o
                0x0800f574                HAL_UARTEx_RxFifoFullCallback
 .text.HAL_UARTEx_TxFifoEmptyCallback
                0x0800f588       0x14 ./Drivers/STM32H7xx_HAL_Driver/Src/stm32h7xx_hal_uart_ex.o
                0x0800f588                HAL_UARTEx_TxFifoEmptyCallback
 .text.HAL_UARTEx_DisableFifoMode
                0x0800f59c       0x72 ./Drivers/STM32H7xx_HAL_Driver/Src/stm32h7xx_hal_uart_ex.o
                0x0800f59c                HAL_UARTEx_DisableFifoMode
 .text.HAL_UARTEx_SetTxFifoThreshold
                0x0800f60e       0x7c ./Drivers/STM32H7xx_HAL_Driver/Src/stm32h7xx_hal_uart_ex.o
                0x0800f60e                HAL_UARTEx_SetTxFifoThreshold
 .text.HAL_UARTEx_SetRxFifoThreshold
                0x0800f68a       0x7c ./Drivers/STM32H7xx_HAL_Driver/Src/stm32h7xx_hal_uart_ex.o
                0x0800f68a                HAL_UARTEx_SetRxFifoThreshold
 *fill*         0x0800f706        0x2 
 .text.UARTEx_SetNbDataToProcess
                0x0800f708       0x9c ./Drivers/STM32H7xx_HAL_Driver/Src/stm32h7xx_hal_uart_ex.o
 .text.USB_CoreInit
                0x0800f7a4       0xe4 ./Drivers/STM32H7xx_HAL_Driver/Src/stm32h7xx_ll_usb.o
                0x0800f7a4                USB_CoreInit
 .text.USB_SetTurnaroundTime
                0x0800f888      0x144 ./Drivers/STM32H7xx_HAL_Driver/Src/stm32h7xx_ll_usb.o
                0x0800f888                USB_SetTurnaroundTime
 .text.USB_EnableGlobalInt
                0x0800f9cc       0x22 ./Drivers/STM32H7xx_HAL_Driver/Src/stm32h7xx_ll_usb.o
                0x0800f9cc                USB_EnableGlobalInt
 .text.USB_DisableGlobalInt
                0x0800f9ee       0x22 ./Drivers/STM32H7xx_HAL_Driver/Src/stm32h7xx_ll_usb.o
                0x0800f9ee                USB_DisableGlobalInt
 .text.USB_SetCurrentMode
                0x0800fa10       0x98 ./Drivers/STM32H7xx_HAL_Driver/Src/stm32h7xx_ll_usb.o
                0x0800fa10                USB_SetCurrentMode
 .text.USB_DevInit
                0x0800faa8      0x2bc ./Drivers/STM32H7xx_HAL_Driver/Src/stm32h7xx_ll_usb.o
                0x0800faa8                USB_DevInit
 .text.USB_FlushTxFifo
                0x0800fd64       0x64 ./Drivers/STM32H7xx_HAL_Driver/Src/stm32h7xx_ll_usb.o
                0x0800fd64                USB_FlushTxFifo
 .text.USB_FlushRxFifo
                0x0800fdc8       0x5c ./Drivers/STM32H7xx_HAL_Driver/Src/stm32h7xx_ll_usb.o
                0x0800fdc8                USB_FlushRxFifo
 .text.USB_SetDevSpeed
                0x0800fe24       0x32 ./Drivers/STM32H7xx_HAL_Driver/Src/stm32h7xx_ll_usb.o
                0x0800fe24                USB_SetDevSpeed
 .text.USB_GetDevSpeed
                0x0800fe56       0x4a ./Drivers/STM32H7xx_HAL_Driver/Src/stm32h7xx_ll_usb.o
                0x0800fe56                USB_GetDevSpeed
 .text.USB_ActivateEndpoint
                0x0800fea0      0x110 ./Drivers/STM32H7xx_HAL_Driver/Src/stm32h7xx_ll_usb.o
                0x0800fea0                USB_ActivateEndpoint
 .text.USB_DeactivateEndpoint
                0x0800ffb0      0x1b8 ./Drivers/STM32H7xx_HAL_Driver/Src/stm32h7xx_ll_usb.o
                0x0800ffb0                USB_DeactivateEndpoint
 .text.USB_EPStartXfer
                0x08010168      0x548 ./Drivers/STM32H7xx_HAL_Driver/Src/stm32h7xx_ll_usb.o
                0x08010168                USB_EPStartXfer
 .text.USB_EPStopXfer
                0x080106b0      0x154 ./Drivers/STM32H7xx_HAL_Driver/Src/stm32h7xx_ll_usb.o
                0x080106b0                USB_EPStopXfer
 .text.USB_WritePacket
                0x08010804       0x7c ./Drivers/STM32H7xx_HAL_Driver/Src/stm32h7xx_ll_usb.o
                0x08010804                USB_WritePacket
 .text.USB_ReadPacket
                0x08010880       0xb0 ./Drivers/STM32H7xx_HAL_Driver/Src/stm32h7xx_ll_usb.o
                0x08010880                USB_ReadPacket
 .text.USB_EPSetStall
                0x08010930       0xdc ./Drivers/STM32H7xx_HAL_Driver/Src/stm32h7xx_ll_usb.o
                0x08010930                USB_EPSetStall
 .text.USB_EPClearStall
                0x08010a0c       0xcc ./Drivers/STM32H7xx_HAL_Driver/Src/stm32h7xx_ll_usb.o
                0x08010a0c                USB_EPClearStall
 .text.USB_SetDevAddress
                0x08010ad8       0x4c ./Drivers/STM32H7xx_HAL_Driver/Src/stm32h7xx_ll_usb.o
                0x08010ad8                USB_SetDevAddress
 .text.USB_DevConnect
                0x08010b24       0x42 ./Drivers/STM32H7xx_HAL_Driver/Src/stm32h7xx_ll_usb.o
                0x08010b24                USB_DevConnect
 .text.USB_DevDisconnect
                0x08010b66       0x42 ./Drivers/STM32H7xx_HAL_Driver/Src/stm32h7xx_ll_usb.o
                0x08010b66                USB_DevDisconnect
 .text.USB_ReadInterrupts
                0x08010ba8       0x26 ./Drivers/STM32H7xx_HAL_Driver/Src/stm32h7xx_ll_usb.o
                0x08010ba8                USB_ReadInterrupts
 .text.USB_ReadDevAllOutEpInterrupt
                0x08010bce       0x34 ./Drivers/STM32H7xx_HAL_Driver/Src/stm32h7xx_ll_usb.o
                0x08010bce                USB_ReadDevAllOutEpInterrupt
 .text.USB_ReadDevAllInEpInterrupt
                0x08010c02       0x34 ./Drivers/STM32H7xx_HAL_Driver/Src/stm32h7xx_ll_usb.o
                0x08010c02                USB_ReadDevAllInEpInterrupt
 .text.USB_ReadDevOutEPInterrupt
                0x08010c36       0x3c ./Drivers/STM32H7xx_HAL_Driver/Src/stm32h7xx_ll_usb.o
                0x08010c36                USB_ReadDevOutEPInterrupt
 .text.USB_ReadDevInEPInterrupt
                0x08010c72       0x5c ./Drivers/STM32H7xx_HAL_Driver/Src/stm32h7xx_ll_usb.o
                0x08010c72                USB_ReadDevInEPInterrupt
 .text.USB_GetMode
                0x08010cce       0x1c ./Drivers/STM32H7xx_HAL_Driver/Src/stm32h7xx_ll_usb.o
                0x08010cce                USB_GetMode
 *fill*         0x08010cea        0x2 
 .text.USB_ActivateSetup
                0x08010cec       0x48 ./Drivers/STM32H7xx_HAL_Driver/Src/stm32h7xx_ll_usb.o
                0x08010cec                USB_ActivateSetup
 .text.USB_EP0_OutStart
                0x08010d34       0xbc ./Drivers/STM32H7xx_HAL_Driver/Src/stm32h7xx_ll_usb.o
                0x08010d34                USB_EP0_OutStart
 .text.USB_CoreReset
                0x08010df0       0x62 ./Drivers/STM32H7xx_HAL_Driver/Src/stm32h7xx_ll_usb.o
 *fill*         0x08010e52        0x2 
 .text.USBD_CDC_Init
                0x08010e54      0x1f0 ./Middlewares/ST/STM32_USB_Device_Library/Class/CDC/Src/usbd_cdc.o
 .text.USBD_CDC_DeInit
                0x08011044      0x104 ./Middlewares/ST/STM32_USB_Device_Library/Class/CDC/Src/usbd_cdc.o
 .text.USBD_CDC_Setup
                0x08011148      0x1b8 ./Middlewares/ST/STM32_USB_Device_Library/Class/CDC/Src/usbd_cdc.o
 .text.USBD_CDC_DataIn
                0x08011300       0xfe ./Middlewares/ST/STM32_USB_Device_Library/Class/CDC/Src/usbd_cdc.o
 .text.USBD_CDC_DataOut
                0x080113fe       0x70 ./Middlewares/ST/STM32_USB_Device_Library/Class/CDC/Src/usbd_cdc.o
 .text.USBD_CDC_EP0_RxReady
                0x0801146e       0x74 ./Middlewares/ST/STM32_USB_Device_Library/Class/CDC/Src/usbd_cdc.o
 *fill*         0x080114e2        0x2 
 .text.USBD_CDC_GetFSCfgDesc
                0x080114e4       0x70 ./Middlewares/ST/STM32_USB_Device_Library/Class/CDC/Src/usbd_cdc.o
 .text.USBD_CDC_GetHSCfgDesc
                0x08011554       0x70 ./Middlewares/ST/STM32_USB_Device_Library/Class/CDC/Src/usbd_cdc.o
 .text.USBD_CDC_GetOtherSpeedCfgDesc
                0x080115c4       0x70 ./Middlewares/ST/STM32_USB_Device_Library/Class/CDC/Src/usbd_cdc.o
 .text.USBD_CDC_GetDeviceQualifierDescriptor
                0x08011634       0x20 ./Middlewares/ST/STM32_USB_Device_Library/Class/CDC/Src/usbd_cdc.o
                0x08011634                USBD_CDC_GetDeviceQualifierDescriptor
 .text.USBD_CDC_RegisterInterface
                0x08011654       0x34 ./Middlewares/ST/STM32_USB_Device_Library/Class/CDC/Src/usbd_cdc.o
                0x08011654                USBD_CDC_RegisterInterface
 .text.USBD_CDC_SetTxBuffer
                0x08011688       0x44 ./Middlewares/ST/STM32_USB_Device_Library/Class/CDC/Src/usbd_cdc.o
                0x08011688                USBD_CDC_SetTxBuffer
 .text.USBD_CDC_SetRxBuffer
                0x080116cc       0x3a ./Middlewares/ST/STM32_USB_Device_Library/Class/CDC/Src/usbd_cdc.o
                0x080116cc                USBD_CDC_SetRxBuffer
 *fill*         0x08011706        0x2 
 .text.USBD_CDC_TransmitPacket
                0x08011708       0x80 ./Middlewares/ST/STM32_USB_Device_Library/Class/CDC/Src/usbd_cdc.o
                0x08011708                USBD_CDC_TransmitPacket
 .text.USBD_CDC_ReceivePacket
                0x08011788       0x6c ./Middlewares/ST/STM32_USB_Device_Library/Class/CDC/Src/usbd_cdc.o
                0x08011788                USBD_CDC_ReceivePacket
 .text.USBD_Init
                0x080117f4       0x60 ./Middlewares/ST/STM32_USB_Device_Library/Core/Src/usbd_core.o
                0x080117f4                USBD_Init
 .text.USBD_RegisterClass
                0x08011854       0x6c ./Middlewares/ST/STM32_USB_Device_Library/Core/Src/usbd_core.o
                0x08011854                USBD_RegisterClass
 .text.USBD_Start
                0x080118c0       0x18 ./Middlewares/ST/STM32_USB_Device_Library/Core/Src/usbd_core.o
                0x080118c0                USBD_Start
 .text.USBD_RunTestMode
                0x080118d8       0x16 ./Middlewares/ST/STM32_USB_Device_Library/Core/Src/usbd_core.o
                0x080118d8                USBD_RunTestMode
 .text.USBD_SetClassConfig
                0x080118ee       0x38 ./Middlewares/ST/STM32_USB_Device_Library/Core/Src/usbd_core.o
                0x080118ee                USBD_SetClassConfig
 .text.USBD_ClrClassConfig
                0x08011926       0x34 ./Middlewares/ST/STM32_USB_Device_Library/Core/Src/usbd_core.o
                0x08011926                USBD_ClrClassConfig
 .text.USBD_LL_SetupStage
                0x0801195a       0xaa ./Middlewares/ST/STM32_USB_Device_Library/Core/Src/usbd_core.o
                0x0801195a                USBD_LL_SetupStage
 .text.USBD_LL_DataOutStage
                0x08011a04      0x166 ./Middlewares/ST/STM32_USB_Device_Library/Core/Src/usbd_core.o
                0x08011a04                USBD_LL_DataOutStage
 .text.USBD_LL_DataInStage
                0x08011b6a      0x164 ./Middlewares/ST/STM32_USB_Device_Library/Core/Src/usbd_core.o
                0x08011b6a                USBD_LL_DataInStage
 .text.USBD_LL_Reset
                0x08011cce       0xa4 ./Middlewares/ST/STM32_USB_Device_Library/Core/Src/usbd_core.o
                0x08011cce                USBD_LL_Reset
 .text.USBD_LL_SetSpeed
                0x08011d72       0x20 ./Middlewares/ST/STM32_USB_Device_Library/Core/Src/usbd_core.o
                0x08011d72                USBD_LL_SetSpeed
 .text.USBD_LL_Suspend
                0x08011d92       0x38 ./Middlewares/ST/STM32_USB_Device_Library/Core/Src/usbd_core.o
                0x08011d92                USBD_LL_Suspend
 .text.USBD_LL_Resume
                0x08011dca       0x30 ./Middlewares/ST/STM32_USB_Device_Library/Core/Src/usbd_core.o
                0x08011dca                USBD_LL_Resume
 .text.USBD_LL_SOF
                0x08011dfa       0x40 ./Middlewares/ST/STM32_USB_Device_Library/Core/Src/usbd_core.o
                0x08011dfa                USBD_LL_SOF
 .text.USBD_LL_IsoINIncomplete
                0x08011e3a       0x64 ./Middlewares/ST/STM32_USB_Device_Library/Core/Src/usbd_core.o
                0x08011e3a                USBD_LL_IsoINIncomplete
 .text.USBD_LL_IsoOUTIncomplete
                0x08011e9e       0x64 ./Middlewares/ST/STM32_USB_Device_Library/Core/Src/usbd_core.o
                0x08011e9e                USBD_LL_IsoOUTIncomplete
 .text.USBD_LL_DevConnected
                0x08011f02       0x16 ./Middlewares/ST/STM32_USB_Device_Library/Core/Src/usbd_core.o
                0x08011f02                USBD_LL_DevConnected
 .text.USBD_LL_DevDisconnected
                0x08011f18       0x46 ./Middlewares/ST/STM32_USB_Device_Library/Core/Src/usbd_core.o
                0x08011f18                USBD_LL_DevDisconnected
 .text.USBD_CoreFindIF
                0x08011f5e       0x1a ./Middlewares/ST/STM32_USB_Device_Library/Core/Src/usbd_core.o
                0x08011f5e                USBD_CoreFindIF
 .text.USBD_CoreFindEP
                0x08011f78       0x1a ./Middlewares/ST/STM32_USB_Device_Library/Core/Src/usbd_core.o
                0x08011f78                USBD_CoreFindEP
 .text.USBD_GetEpDesc
                0x08011f92       0x70 ./Middlewares/ST/STM32_USB_Device_Library/Core/Src/usbd_core.o
                0x08011f92                USBD_GetEpDesc
 .text.USBD_GetNextDesc
                0x08012002       0x38 ./Middlewares/ST/STM32_USB_Device_Library/Core/Src/usbd_core.o
                0x08012002                USBD_GetNextDesc
 .text.SWAPBYTE
                0x0801203a       0x3e ./Middlewares/ST/STM32_USB_Device_Library/Core/Src/usbd_ctlreq.o
 .text.USBD_StdDevReq
                0x08012078       0xe4 ./Middlewares/ST/STM32_USB_Device_Library/Core/Src/usbd_ctlreq.o
                0x08012078                USBD_StdDevReq
 .text.USBD_StdItfReq
                0x0801215c       0xd8 ./Middlewares/ST/STM32_USB_Device_Library/Core/Src/usbd_ctlreq.o
                0x0801215c                USBD_StdItfReq
 .text.USBD_StdEPReq
                0x08012234      0x33a ./Middlewares/ST/STM32_USB_Device_Library/Core/Src/usbd_ctlreq.o
                0x08012234                USBD_StdEPReq
 *fill*         0x0801256e        0x2 
 .text.USBD_GetDescriptor
                0x08012570      0x328 ./Middlewares/ST/STM32_USB_Device_Library/Core/Src/usbd_ctlreq.o
 .text.USBD_SetAddress
                0x08012898       0x88 ./Middlewares/ST/STM32_USB_Device_Library/Core/Src/usbd_ctlreq.o
 .text.USBD_SetConfig
                0x08012920      0x154 ./Middlewares/ST/STM32_USB_Device_Library/Core/Src/usbd_ctlreq.o
 .text.USBD_GetConfig
                0x08012a74       0x6c ./Middlewares/ST/STM32_USB_Device_Library/Core/Src/usbd_ctlreq.o
 .text.USBD_GetStatus
                0x08012ae0       0x68 ./Middlewares/ST/STM32_USB_Device_Library/Core/Src/usbd_ctlreq.o
 .text.USBD_SetFeature
                0x08012b48       0x52 ./Middlewares/ST/STM32_USB_Device_Library/Core/Src/usbd_ctlreq.o
 .text.USBD_ClrFeature
                0x08012b9a       0x44 ./Middlewares/ST/STM32_USB_Device_Library/Core/Src/usbd_ctlreq.o
 .text.USBD_ParseSetupRequest
                0x08012bde       0x74 ./Middlewares/ST/STM32_USB_Device_Library/Core/Src/usbd_ctlreq.o
                0x08012bde                USBD_ParseSetupRequest
 .text.USBD_CtlError
                0x08012c52       0x22 ./Middlewares/ST/STM32_USB_Device_Library/Core/Src/usbd_ctlreq.o
                0x08012c52                USBD_CtlError
 .text.USBD_GetString
                0x08012c74       0xa4 ./Middlewares/ST/STM32_USB_Device_Library/Core/Src/usbd_ctlreq.o
                0x08012c74                USBD_GetString
 .text.USBD_GetLen
                0x08012d18       0x34 ./Middlewares/ST/STM32_USB_Device_Library/Core/Src/usbd_ctlreq.o
 .text.USBD_CtlSendData
                0x08012d4c       0x36 ./Middlewares/ST/STM32_USB_Device_Library/Core/Src/usbd_ioreq.o
                0x08012d4c                USBD_CtlSendData
 .text.USBD_CtlContinueSendData
                0x08012d82       0x22 ./Middlewares/ST/STM32_USB_Device_Library/Core/Src/usbd_ioreq.o
                0x08012d82                USBD_CtlContinueSendData
 .text.USBD_CtlPrepareRx
                0x08012da4       0x3a ./Middlewares/ST/STM32_USB_Device_Library/Core/Src/usbd_ioreq.o
                0x08012da4                USBD_CtlPrepareRx
 .text.USBD_CtlContinueRx
                0x08012dde       0x22 ./Middlewares/ST/STM32_USB_Device_Library/Core/Src/usbd_ioreq.o
                0x08012dde                USBD_CtlContinueRx
 .text.USBD_CtlSendStatus
                0x08012e00       0x26 ./Middlewares/ST/STM32_USB_Device_Library/Core/Src/usbd_ioreq.o
                0x08012e00                USBD_CtlSendStatus
 .text.USBD_CtlReceiveStatus
                0x08012e26       0x26 ./Middlewares/ST/STM32_USB_Device_Library/Core/Src/usbd_ioreq.o
                0x08012e26                USBD_CtlReceiveStatus
 .text.MX_USB_DEVICE_Init
                0x08012e4c       0x64 ./USB_DEVICE/App/usb_device.o
                0x08012e4c                MX_USB_DEVICE_Init
 .text.CCAMS_connection
                0x08012eb0       0x48 ./USB_DEVICE/App/usbd_cdc_if.o
                0x08012eb0                CCAMS_connection
 .text.CDC_Init_HS
                0x08012ef8       0x28 ./USB_DEVICE/App/usbd_cdc_if.o
 .text.CDC_DeInit_HS
                0x08012f20       0x10 ./USB_DEVICE/App/usbd_cdc_if.o
 .text.CDC_Control_HS
                0x08012f30      0x15c ./USB_DEVICE/App/usbd_cdc_if.o
 .text.CDC_Receive_HS
                0x0801308c       0x8c ./USB_DEVICE/App/usbd_cdc_if.o
 .text.CDC_Transmit_HS
                0x08013118       0x4c ./USB_DEVICE/App/usbd_cdc_if.o
                0x08013118                CDC_Transmit_HS
 .text.CDC_TransmitCplt_HS
                0x08013164       0x22 ./USB_DEVICE/App/usbd_cdc_if.o
 *fill*         0x08013186        0x2 
 .text.USBD_HS_DeviceDescriptor
                0x08013188       0x24 ./USB_DEVICE/App/usbd_desc.o
                0x08013188                USBD_HS_DeviceDescriptor
 .text.USBD_HS_LangIDStrDescriptor
                0x080131ac       0x24 ./USB_DEVICE/App/usbd_desc.o
                0x080131ac                USBD_HS_LangIDStrDescriptor
 .text.USBD_HS_ProductStrDescriptor
                0x080131d0       0x3c ./USB_DEVICE/App/usbd_desc.o
                0x080131d0                USBD_HS_ProductStrDescriptor
 .text.USBD_HS_ManufacturerStrDescriptor
                0x0801320c       0x28 ./USB_DEVICE/App/usbd_desc.o
                0x0801320c                USBD_HS_ManufacturerStrDescriptor
 .text.USBD_HS_SerialStrDescriptor
                0x08013234       0x24 ./USB_DEVICE/App/usbd_desc.o
                0x08013234                USBD_HS_SerialStrDescriptor
 .text.USBD_HS_ConfigStrDescriptor
                0x08013258       0x3c ./USB_DEVICE/App/usbd_desc.o
                0x08013258                USBD_HS_ConfigStrDescriptor
 .text.USBD_HS_InterfaceStrDescriptor
                0x08013294       0x3c ./USB_DEVICE/App/usbd_desc.o
                0x08013294                USBD_HS_InterfaceStrDescriptor
 .text.Get_SerialNum
                0x080132d0       0x58 ./USB_DEVICE/App/usbd_desc.o
 .text.IntToUnicode
                0x08013328       0x7e ./USB_DEVICE/App/usbd_desc.o
 *fill*         0x080133a6        0x2 
 .text.HAL_PCD_MspInit
                0x080133a8       0xdc ./USB_DEVICE/Target/usbd_conf.o
                0x080133a8                HAL_PCD_MspInit
 .text.HAL_PCD_SetupStageCallback
                0x08013484       0x24 ./USB_DEVICE/Target/usbd_conf.o
                0x08013484                HAL_PCD_SetupStageCallback
 .text.HAL_PCD_DataOutStageCallback
                0x080134a8       0x36 ./USB_DEVICE/Target/usbd_conf.o
                0x080134a8                HAL_PCD_DataOutStageCallback
 .text.HAL_PCD_DataInStageCallback
                0x080134de       0x34 ./USB_DEVICE/Target/usbd_conf.o
                0x080134de                HAL_PCD_DataInStageCallback
 .text.HAL_PCD_SOFCallback
                0x08013512       0x1c ./USB_DEVICE/Target/usbd_conf.o
                0x08013512                HAL_PCD_SOFCallback
 .text.HAL_PCD_ResetCallback
                0x0801352e       0x50 ./USB_DEVICE/Target/usbd_conf.o
                0x0801352e                HAL_PCD_ResetCallback
 *fill*         0x0801357e        0x2 
 .text.HAL_PCD_SuspendCallback
                0x08013580       0x4c ./USB_DEVICE/Target/usbd_conf.o
                0x08013580                HAL_PCD_SuspendCallback
 .text.HAL_PCD_ResumeCallback
                0x080135cc       0x1c ./USB_DEVICE/Target/usbd_conf.o
                0x080135cc                HAL_PCD_ResumeCallback
 .text.HAL_PCD_ISOOUTIncompleteCallback
                0x080135e8       0x24 ./USB_DEVICE/Target/usbd_conf.o
                0x080135e8                HAL_PCD_ISOOUTIncompleteCallback
 .text.HAL_PCD_ISOINIncompleteCallback
                0x0801360c       0x24 ./USB_DEVICE/Target/usbd_conf.o
                0x0801360c                HAL_PCD_ISOINIncompleteCallback
 .text.HAL_PCD_ConnectCallback
                0x08013630       0x1c ./USB_DEVICE/Target/usbd_conf.o
                0x08013630                HAL_PCD_ConnectCallback
 .text.HAL_PCD_DisconnectCallback
                0x0801364c       0x1c ./USB_DEVICE/Target/usbd_conf.o
                0x0801364c                HAL_PCD_DisconnectCallback
 .text.USBD_LL_Init
                0x08013668       0xa4 ./USB_DEVICE/Target/usbd_conf.o
                0x08013668                USBD_LL_Init
 .text.USBD_LL_Start
                0x0801370c       0x36 ./USB_DEVICE/Target/usbd_conf.o
                0x0801370c                USBD_LL_Start
 .text.USBD_LL_OpenEP
                0x08013742       0x4c ./USB_DEVICE/Target/usbd_conf.o
                0x08013742                USBD_LL_OpenEP
 .text.USBD_LL_CloseEP
                0x0801378e       0x3e ./USB_DEVICE/Target/usbd_conf.o
                0x0801378e                USBD_LL_CloseEP
 .text.USBD_LL_StallEP
                0x080137cc       0x3e ./USB_DEVICE/Target/usbd_conf.o
                0x080137cc                USBD_LL_StallEP
 .text.USBD_LL_ClearStallEP
                0x0801380a       0x3e ./USB_DEVICE/Target/usbd_conf.o
                0x0801380a                USBD_LL_ClearStallEP
 .text.USBD_LL_IsStallEP
                0x08013848       0x58 ./USB_DEVICE/Target/usbd_conf.o
                0x08013848                USBD_LL_IsStallEP
 .text.USBD_LL_SetUSBAddress
                0x080138a0       0x3e ./USB_DEVICE/Target/usbd_conf.o
                0x080138a0                USBD_LL_SetUSBAddress
 .text.USBD_LL_Transmit
                0x080138de       0x42 ./USB_DEVICE/Target/usbd_conf.o
                0x080138de                USBD_LL_Transmit
 .text.USBD_LL_PrepareReceive
                0x08013920       0x42 ./USB_DEVICE/Target/usbd_conf.o
                0x08013920                USBD_LL_PrepareReceive
 .text.USBD_LL_GetRxDataSize
                0x08013962       0x26 ./USB_DEVICE/Target/usbd_conf.o
                0x08013962                USBD_LL_GetRxDataSize
 .text.USBD_static_malloc
                0x08013988       0x1c ./USB_DEVICE/Target/usbd_conf.o
                0x08013988                USBD_static_malloc
 .text.USBD_static_free
                0x080139a4       0x14 ./USB_DEVICE/Target/usbd_conf.o
                0x080139a4                USBD_static_free
 .text.USBD_Get_USB_Status
                0x080139b8       0x58 ./USB_DEVICE/Target/usbd_conf.o
                0x080139b8                USBD_Get_USB_Status
 .text.snprintf
                0x08013a10       0x6c C:/ST/STM32CubeIDE_2.0.0/STM32CubeIDE/plugins/com.st.stm32cube.ide.mcu.externaltools.gnu-tools-for-stm32.13.3.rel1.win32_1.0.100.202509120712/tools/bin/../lib/gcc/arm-none-eabi/13.3.1/../../../../arm-none-eabi/lib/thumb/v7e-m+dp/hard\libc_nano.a(libc_a-snprintf.o)
                0x08013a10                sniprintf
                0x08013a10                snprintf
 .text.memmove  0x08013a7c       0x34 C:/ST/STM32CubeIDE_2.0.0/STM32CubeIDE/plugins/com.st.stm32cube.ide.mcu.externaltools.gnu-tools-for-stm32.13.3.rel1.win32_1.0.100.202509120712/tools/bin/../lib/gcc/arm-none-eabi/13.3.1/../../../../arm-none-eabi/lib/thumb/v7e-m+dp/hard\libc_nano.a(libc_a-memmove.o)
                0x08013a7c                memmove
 .text.memset   0x08013ab0       0x10 C:/ST/STM32CubeIDE_2.0.0/STM32CubeIDE/plugins/com.st.stm32cube.ide.mcu.externaltools.gnu-tools-for-stm32.13.3.rel1.win32_1.0.100.202509120712/tools/bin/../lib/gcc/arm-none-eabi/13.3.1/../../../../arm-none-eabi/lib/thumb/v7e-m+dp/hard\libc_nano.a(libc_a-memset.o)
                0x08013ab0                memset
 .text.__errno  0x08013ac0        0xc C:/ST/STM32CubeIDE_2.0.0/STM32CubeIDE/plugins/com.st.stm32cube.ide.mcu.externaltools.gnu-tools-for-stm32.13.3.rel1.win32_1.0.100.202509120712/tools/bin/../lib/gcc/arm-none-eabi/13.3.1/../../../../arm-none-eabi/lib/thumb/v7e-m+dp/hard\libc_nano.a(libc_a-errno.o)
                0x08013ac0                __errno
 .text.__libc_init_array
                0x08013acc       0x48 C:/ST/STM32CubeIDE_2.0.0/STM32CubeIDE/plugins/com.st.stm32cube.ide.mcu.externaltools.gnu-tools-for-stm32.13.3.rel1.win32_1.0.100.202509120712/tools/bin/../lib/gcc/arm-none-eabi/13.3.1/../../../../arm-none-eabi/lib/thumb/v7e-m+dp/hard\libc_nano.a(libc_a-init.o)
                0x08013acc                __libc_init_array
 .text.__retarget_lock_acquire_recursive
                0x08013b14        0x2 C:/ST/STM32CubeIDE_2.0.0/STM32CubeIDE/plugins/com.st.stm32cube.ide.mcu.externaltools.gnu-tools-for-stm32.13.3.rel1.win32_1.0.100.202509120712/tools/bin/../lib/gcc/arm-none-eabi/13.3.1/../../../../arm-none-eabi/lib/thumb/v7e-m+dp/hard\libc_nano.a(libc_a-lock.o)
                0x08013b14                __retarget_lock_acquire_recursive
 .text.__retarget_lock_release_recursive
                0x08013b16        0x2 C:/ST/STM32CubeIDE_2.0.0/STM32CubeIDE/plugins/com.st.stm32cube.ide.mcu.externaltools.gnu-tools-for-stm32.13.3.rel1.win32_1.0.100.202509120712/tools/bin/../lib/gcc/arm-none-eabi/13.3.1/../../../../arm-none-eabi/lib/thumb/v7e-m+dp/hard\libc_nano.a(libc_a-lock.o)
                0x08013b16                __retarget_lock_release_recursive
 .text.memcpy   0x08013b18       0x1c C:/ST/STM32CubeIDE_2.0.0/STM32CubeIDE/plugins/com.st.stm32cube.ide.mcu.externaltools.gnu-tools-for-stm32.13.3.rel1.win32_1.0.100.202509120712/tools/bin/../lib/gcc/arm-none-eabi/13.3.1/../../../../arm-none-eabi/lib/thumb/v7e-m+dp/hard\libc_nano.a(libc_a-memcpy-stub.o)
                0x08013b18                memcpy
 .text._free_r  0x08013b34       0x94 C:/ST/STM32CubeIDE_2.0.0/STM32CubeIDE/plugins/com.st.stm32cube.ide.mcu.externaltools.gnu-tools-for-stm32.13.3.rel1.win32_1.0.100.202509120712/tools/bin/../lib/gcc/arm-none-eabi/13.3.1/../../../../arm-none-eabi/lib/thumb/v7e-m+dp/hard\libc_nano.a(libc_a-freer.o)
                0x08013b34                _free_r
 .text.sbrk_aligned
                0x08013bc8       0x44 C:/ST/STM32CubeIDE_2.0.0/STM32CubeIDE/plugins/com.st.stm32cube.ide.mcu.externaltools.gnu-tools-for-stm32.13.3.rel1.win32_1.0.100.202509120712/tools/bin/../lib/gcc/arm-none-eabi/13.3.1/../../../../arm-none-eabi/lib/thumb/v7e-m+dp/hard\libc_nano.a(libc_a-mallocr.o)
 .text._malloc_r
                0x08013c0c      0x100 C:/ST/STM32CubeIDE_2.0.0/STM32CubeIDE/plugins/com.st.stm32cube.ide.mcu.externaltools.gnu-tools-for-stm32.13.3.rel1.win32_1.0.100.202509120712/tools/bin/../lib/gcc/arm-none-eabi/13.3.1/../../../../arm-none-eabi/lib/thumb/v7e-m+dp/hard\libc_nano.a(libc_a-mallocr.o)
                0x08013c0c                _malloc_r
 .text.__malloc_lock
                0x08013d0c        0xc C:/ST/STM32CubeIDE_2.0.0/STM32CubeIDE/plugins/com.st.stm32cube.ide.mcu.externaltools.gnu-tools-for-stm32.13.3.rel1.win32_1.0.100.202509120712/tools/bin/../lib/gcc/arm-none-eabi/13.3.1/../../../../arm-none-eabi/lib/thumb/v7e-m+dp/hard\libc_nano.a(libc_a-mlock.o)
                0x08013d0c                __malloc_lock
 .text.__malloc_unlock
                0x08013d18        0xc C:/ST/STM32CubeIDE_2.0.0/STM32CubeIDE/plugins/com.st.stm32cube.ide.mcu.externaltools.gnu-tools-for-stm32.13.3.rel1.win32_1.0.100.202509120712/tools/bin/../lib/gcc/arm-none-eabi/13.3.1/../../../../arm-none-eabi/lib/thumb/v7e-m+dp/hard\libc_nano.a(libc_a-mlock.o)
                0x08013d18                __malloc_unlock
 .text.__ssputs_r
                0x08013d24       0xb6 C:/ST/STM32CubeIDE_2.0.0/STM32CubeIDE/plugins/com.st.stm32cube.ide.mcu.externaltools.gnu-tools-for-stm32.13.3.rel1.win32_1.0.100.202509120712/tools/bin/../lib/gcc/arm-none-eabi/13.3.1/../../../../arm-none-eabi/lib/thumb/v7e-m+dp/hard\libc_nano.a(libc_a-nano-svfprintf.o)
                0x08013d24                __ssputs_r
 *fill*         0x08013dda        0x2 
 .text._svfprintf_r
                0x08013ddc      0x1f8 C:/ST/STM32CubeIDE_2.0.0/STM32CubeIDE/plugins/com.st.stm32cube.ide.mcu.externaltools.gnu-tools-for-stm32.13.3.rel1.win32_1.0.100.202509120712/tools/bin/../lib/gcc/arm-none-eabi/13.3.1/../../../../arm-none-eabi/lib/thumb/v7e-m+dp/hard\libc_nano.a(libc_a-nano-svfprintf.o)
                0x08013ddc                _svfiprintf_r
                0x08013ddc                _svfprintf_r
 .text._printf_common
                0x08013fd4       0xda C:/ST/STM32CubeIDE_2.0.0/STM32CubeIDE/plugins/com.st.stm32cube.ide.mcu.externaltools.gnu-tools-for-stm32.13.3.rel1.win32_1.0.100.202509120712/tools/bin/../lib/gcc/arm-none-eabi/13.3.1/../../../../arm-none-eabi/lib/thumb/v7e-m+dp/hard\libc_nano.a(libc_a-nano-vfprintf_i.o)
                0x08013fd4                _printf_common
 *fill*         0x080140ae        0x2 
 .text._printf_i
                0x080140b0      0x23c C:/ST/STM32CubeIDE_2.0.0/STM32CubeIDE/plugins/com.st.stm32cube.ide.mcu.externaltools.gnu-tools-for-stm32.13.3.rel1.win32_1.0.100.202509120712/tools/bin/../lib/gcc/arm-none-eabi/13.3.1/../../../../arm-none-eabi/lib/thumb/v7e-m+dp/hard\libc_nano.a(libc_a-nano-vfprintf_i.o)
                0x080140b0                _printf_i
 .text._sbrk_r  0x080142ec       0x20 C:/ST/STM32CubeIDE_2.0.0/STM32CubeIDE/plugins/com.st.stm32cube.ide.mcu.externaltools.gnu-tools-for-stm32.13.3.rel1.win32_1.0.100.202509120712/tools/bin/../lib/gcc/arm-none-eabi/13.3.1/../../../../arm-none-eabi/lib/thumb/v7e-m+dp/hard\libc_nano.a(libc_a-sbrkr.o)
                0x080142ec                _sbrk_r
 .text._realloc_r
                0x0801430c       0x5c C:/ST/STM32CubeIDE_2.0.0/STM32CubeIDE/plugins/com.st.stm32cube.ide.mcu.externaltools.gnu-tools-for-stm32.13.3.rel1.win32_1.0.100.202509120712/tools/bin/../lib/gcc/arm-none-eabi/13.3.1/../../../../arm-none-eabi/lib/thumb/v7e-m+dp/hard\libc_nano.a(libc_a-reallocr.o)
                0x0801430c                _realloc_r
 .text._malloc_usable_size_r
                0x08014368       0x10 C:/ST/STM32CubeIDE_2.0.0/STM32CubeIDE/plugins/com.st.stm32cube.ide.mcu.externaltools.gnu-tools-for-stm32.13.3.rel1.win32_1.0.100.202509120712/tools/bin/../lib/gcc/arm-none-eabi/13.3.1/../../../../arm-none-eabi/lib/thumb/v7e-m+dp/hard\libc_nano.a(libc_a-msizer.o)
                0x08014368                _malloc_usable_size_r
 *(.glue_7)
 .glue_7        0x08014378        0x0 linker stubs
 *(.glue_7t)
 .glue_7t       0x08014378        0x0 linker stubs
 *(.eh_frame)
 .eh_frame      0x08014378        0x0 C:/ST/STM32CubeIDE_2.0.0/STM32CubeIDE/plugins/com.st.stm32cube.ide.mcu.externaltools.gnu-tools-for-stm32.13.3.rel1.win32_1.0.100.202509120712/tools/bin/../lib/gcc/arm-none-eabi/13.3.1/thumb/v7e-m+dp/hard/crtbegin.o
 *(.init)
 .init          0x08014378        0x4 C:/ST/STM32CubeIDE_2.0.0/STM32CubeIDE/plugins/com.st.stm32cube.ide.mcu.externaltools.gnu-tools-for-stm32.13.3.rel1.win32_1.0.100.202509120712/tools/bin/../lib/gcc/arm-none-eabi/13.3.1/thumb/v7e-m+dp/hard/crti.o
                0x08014378                _init
 .init          0x0801437c        0x8 C:/ST/STM32CubeIDE_2.0.0/STM32CubeIDE/plugins/com.st.stm32cube.ide.mcu.externaltools.gnu-tools-for-stm32.13.3.rel1.win32_1.0.100.202509120712/tools/bin/../lib/gcc/arm-none-eabi/13.3.1/thumb/v7e-m+dp/hard/crtn.o
 *(.fini)
 .fini          0x08014384        0x4 C:/ST/STM32CubeIDE_2.0.0/STM32CubeIDE/plugins/com.st.stm32cube.ide.mcu.externaltools.gnu-tools-for-stm32.13.3.rel1.win32_1.0.100.202509120712/tools/bin/../lib/gcc/arm-none-eabi/13.3.1/thumb/v7e-m+dp/hard/crti.o
                0x08014384                _fini
 .fini          0x08014388        0x8 C:/ST/STM32CubeIDE_2.0.0/STM32CubeIDE/plugins/com.st.stm32cube.ide.mcu.externaltools.gnu-tools-for-stm32.13.3.rel1.win32_1.0.100.202509120712/tools/bin/../lib/gcc/arm-none-eabi/13.3.1/thumb/v7e-m+dp/hard/crtn.o
                0x08014390                        . = ALIGN (0x4)
                0x08014390                        _etext = .

.vfp11_veneer   0x08014390        0x0
 .vfp11_veneer  0x08014390        0x0 linker stubs

.v4_bx          0x08014390        0x0
 .v4_bx         0x08014390        0x0 linker stubs

.iplt           0x08014390        0x0
 .iplt          0x08014390        0x0 C:/ST/STM32CubeIDE_2.0.0/STM32CubeIDE/plugins/com.st.stm32cube.ide.mcu.externaltools.gnu-tools-for-stm32.13.3.rel1.win32_1.0.100.202509120712/tools/bin/../lib/gcc/arm-none-eabi/13.3.1/thumb/v7e-m+dp/hard/crtbegin.o

.rodata         0x08014390      0x908
                0x08014390                        . = ALIGN (0x4)
 *(.rodata)
 .rodata        0x08014390       0x59 ./Core/Src/main.o
 *fill*         0x080143e9        0x3 
 .rodata        0x080143ec       0x7d ./USB_DEVICE/App/usbd_cdc_if.o
 *fill*         0x08014469        0x3 
 .rodata        0x0801446c       0x46 ./USB_DEVICE/App/usbd_desc.o
 *(.rodata*)
 *fill*         0x080144b2        0x2 
 .rodata.Font7x10
                0x080144b4      0x76c ./Core/Src/ssd1306_fonts.o
 .rodata.Font_7x10
                0x08014c20        0xc ./Core/Src/ssd1306_fonts.o
                0x08014c20                Font_7x10
 .rodata.D1CorePrescTable
                0x08014c2c       0x10 ./Core/Src/system_stm32h7xx.o
                0x08014c2c                D1CorePrescTable
 .rodata.UARTPrescTable
                0x08014c3c       0x18 ./Drivers/STM32H7xx_HAL_Driver/Src/stm32h7xx_hal_uart.o
                0x08014c3c                UARTPrescTable
 .rodata.numerator.1
                0x08014c54        0x8 ./Drivers/STM32H7xx_HAL_Driver/Src/stm32h7xx_hal_uart_ex.o
 .rodata.denominator.0
                0x08014c5c        0x8 ./Drivers/STM32H7xx_HAL_Driver/Src/stm32h7xx_hal_uart_ex.o
 .rodata._svfprintf_r.str1.1
                0x08014c64       0x33 C:/ST/STM32CubeIDE_2.0.0/STM32CubeIDE/plugins/com.st.stm32cube.ide.mcu.externaltools.gnu-tools-for-stm32.13.3.rel1.win32_1.0.100.202509120712/tools/bin/../lib/gcc/arm-none-eabi/13.3.1/../../../../arm-none-eabi/lib/thumb/v7e-m+dp/hard\libc_nano.a(libc_a-nano-svfprintf.o)
                                 0x11 (size before relaxing)
 .rodata._printf_i.str1.1
                0x08014c97        0x0 C:/ST/STM32CubeIDE_2.0.0/STM32CubeIDE/plugins/com.st.stm32cube.ide.mcu.externaltools.gnu-tools-for-stm32.13.3.rel1.win32_1.0.100.202509120712/tools/bin/../lib/gcc/arm-none-eabi/13.3.1/../../../../arm-none-eabi/lib/thumb/v7e-m+dp/hard\libc_nano.a(libc_a-nano-vfprintf_i.o)
                                 0x22 (size before relaxing)
                0x08014c98                        . = ALIGN (0x4)
 *fill*         0x08014c97        0x1 

.ARM.extab
 *(.ARM.extab* .gnu.linkonce.armextab.*)

.ARM            0x08014c98        0x8
                0x08014c98                        __exidx_start = .
 *(.ARM.exidx*)
 .ARM.exidx     0x08014c98        0x8 C:/ST/STM32CubeIDE_2.0.0/STM32CubeIDE/plugins/com.st.stm32cube.ide.mcu.externaltools.gnu-tools-for-stm32.13.3.rel1.win32_1.0.100.202509120712/tools/bin/../lib/gcc/arm-none-eabi/13.3.1/../../../../arm-none-eabi/lib/thumb/v7e-m+dp/hard\libc_nano.a(libc_a-strlen.o)
 .ARM.exidx     0x08014ca0        0x0 C:/ST/STM32CubeIDE_2.0.0/STM32CubeIDE/plugins/com.st.stm32cube.ide.mcu.externaltools.gnu-tools-for-stm32.13.3.rel1.win32_1.0.100.202509120712/tools/bin/../lib/gcc/arm-none-eabi/13.3.1/../../../../arm-none-eabi/lib/thumb/v7e-m+dp/hard\libc_nano.a(libc_a-memchr.o)
                                  0x8 (size before relaxing)
 .ARM.exidx     0x08014ca0        0x0 C:/ST/STM32CubeIDE_2.0.0/STM32CubeIDE/plugins/com.st.stm32cube.ide.mcu.externaltools.gnu-tools-for-stm32.13.3.rel1.win32_1.0.100.202509120712/tools/bin/../lib/gcc/arm-none-eabi/13.3.1/thumb/v7e-m+dp/hard\libgcc.a(_udivmoddi4.o)
                                  0x8 (size before relaxing)
                0x08014ca0                        __exidx_end = .

.preinit_array  0x08014ca0        0x0
                0x08014ca0                        PROVIDE (__preinit_array_start = .)
 *(.preinit_array*)
                0x08014ca0                        PROVIDE (__preinit_array_end = .)

.init_array     0x08014ca0        0x4
                0x08014ca0                        PROVIDE (__init_array_start = .)
 *(SORT_BY_NAME(.init_array.*))
 *(.init_array*)
 .init_array    0x08014ca0        0x4 C:/ST/STM32CubeIDE_2.0.0/STM32CubeIDE/plugins/com.st.stm32cube.ide.mcu.externaltools.gnu-tools-for-stm32.13.3.rel1.win32_1.0.100.202509120712/tools/bin/../lib/gcc/arm-none-eabi/13.3.1/thumb/v7e-m+dp/hard/crtbegin.o
                0x08014ca4                        PROVIDE (__init_array_end = .)

.fini_array     0x08014ca4        0x4
                [!provide]                        PROVIDE (__fini_array_start = .)
 *(SORT_BY_NAME(.fini_array.*))
 *(.fini_array*)
 .fini_array    0x08014ca4        0x4 C:/ST/STM32CubeIDE_2.0.0/STM32CubeIDE/plugins/com.st.stm32cube.ide.mcu.externaltools.gnu-tools-for-stm32.13.3.rel1.win32_1.0.100.202509120712/tools/bin/../lib/gcc/arm-none-eabi/13.3.1/thumb/v7e-m+dp/hard/crtbegin.o
                [!provide]                        PROVIDE (__fini_array_end = .)
                0x08014ca8                        _sidata = LOADADDR (.data)

.rel.dyn        0x08014ca8        0x0
 .rel.iplt      0x08014ca8        0x0 C:/ST/STM32CubeIDE_2.0.0/STM32CubeIDE/plugins/com.st.stm32cube.ide.mcu.externaltools.gnu-tools-for-stm32.13.3.rel1.win32_1.0.100.202509120712/tools/bin/../lib/gcc/arm-none-eabi/13.3.1/thumb/v7e-m+dp/hard/crtbegin.o

.data           0x24000000      0x160 load address 0x08014ca8
                0x24000000                        . = ALIGN (0x4)
                0x24000000                        _sdata = .
 *(.data)
 *(.data*)
 .data.tx_data  0x24000000        0x1 ./Core/Src/main.o
                0x24000000                tx_data
 *fill*         0x24000001        0x3 
 .data.SystemCoreClock
                0x24000004        0x4 ./Core/Src/system_stm32h7xx.o
                0x24000004                SystemCoreClock
 .data.SystemD2Clock
                0x24000008        0x4 ./Core/Src/system_stm32h7xx.o
                0x24000008                SystemD2Clock
 .data.uwTickPrio
                0x2400000c        0x4 ./Drivers/STM32H7xx_HAL_Driver/Src/stm32h7xx_hal.o
                0x2400000c                uwTickPrio
 .data.uwTickFreq
                0x24000010        0x1 ./Drivers/STM32H7xx_HAL_Driver/Src/stm32h7xx_hal.o
                0x24000010                uwTickFreq
 *fill*         0x24000011        0x3 
 .data.USBD_CDC_DeviceQualifierDesc
                0x24000014        0xa ./Middlewares/ST/STM32_USB_Device_Library/Class/CDC/Src/usbd_cdc.o
 *fill*         0x2400001e        0x2 
 .data.USBD_CDC
                0x24000020       0x38 ./Middlewares/ST/STM32_USB_Device_Library/Class/CDC/Src/usbd_cdc.o
                0x24000020                USBD_CDC
 .data.USBD_CDC_CfgDesc
                0x24000058       0x43 ./Middlewares/ST/STM32_USB_Device_Library/Class/CDC/Src/usbd_cdc.o
 .data.CDCInEpAdd
                0x2400009b        0x1 ./Middlewares/ST/STM32_USB_Device_Library/Class/CDC/Src/usbd_cdc.o
 .data.CDCOutEpAdd
                0x2400009c        0x1 ./Middlewares/ST/STM32_USB_Device_Library/Class/CDC/Src/usbd_cdc.o
 .data.CDCCmdEpAdd
                0x2400009d        0x1 ./Middlewares/ST/STM32_USB_Device_Library/Class/CDC/Src/usbd_cdc.o
 *fill*         0x2400009e        0x2 
 .data.LineCoding
                0x240000a0        0x8 ./USB_DEVICE/App/usbd_cdc_if.o
                0x240000a0                LineCoding
 .data.USBD_Interface_fops_HS
                0x240000a8       0x14 ./USB_DEVICE/App/usbd_cdc_if.o
                0x240000a8                USBD_Interface_fops_HS
 .data.HS_Desc  0x240000bc       0x20 ./USB_DEVICE/App/usbd_desc.o
                0x240000bc                HS_Desc
 .data.USBD_HS_DeviceDesc
                0x240000dc       0x12 ./USB_DEVICE/App/usbd_desc.o
                0x240000dc                USBD_HS_DeviceDesc
 *fill*         0x240000ee        0x2 
 .data.USBD_LangIDDesc
                0x240000f0        0x4 ./USB_DEVICE/App/usbd_desc.o
                0x240000f0                USBD_LangIDDesc
 .data.USBD_StringSerial
                0x240000f4       0x1a ./USB_DEVICE/App/usbd_desc.o
                0x240000f4                USBD_StringSerial
 *fill*         0x2400010e        0x2 
 .data._impure_ptr
                0x24000110        0x4 C:/ST/STM32CubeIDE_2.0.0/STM32CubeIDE/plugins/com.st.stm32cube.ide.mcu.externaltools.gnu-tools-for-stm32.13.3.rel1.win32_1.0.100.202509120712/tools/bin/../lib/gcc/arm-none-eabi/13.3.1/../../../../arm-none-eabi/lib/thumb/v7e-m+dp/hard\libc_nano.a(libc_a-impure.o)
                0x24000110                _impure_ptr
 .data._impure_data
                0x24000114       0x4c C:/ST/STM32CubeIDE_2.0.0/STM32CubeIDE/plugins/com.st.stm32cube.ide.mcu.externaltools.gnu-tools-for-stm32.13.3.rel1.win32_1.0.100.202509120712/tools/bin/../lib/gcc/arm-none-eabi/13.3.1/../../../../arm-none-eabi/lib/thumb/v7e-m+dp/hard\libc_nano.a(libc_a-impure.o)
                0x24000114                _impure_data
 *(.RamFunc)
 *(.RamFunc*)
                0x24000160                        . = ALIGN (0x4)
                0x24000160                        _edata = .

.igot.plt       0x24000160        0x0 load address 0x08014e08
 .igot.plt      0x24000160        0x0 C:/ST/STM32CubeIDE_2.0.0/STM32CubeIDE/plugins/com.st.stm32cube.ide.mcu.externaltools.gnu-tools-for-stm32.13.3.rel1.win32_1.0.100.202509120712/tools/bin/../lib/gcc/arm-none-eabi/13.3.1/thumb/v7e-m+dp/hard/crtbegin.o
                0x24000160                        . = ALIGN (0x4)

.bss            0x24000160     0x2740 load address 0x08014e08
                0x24000160                        _sbss = .
                0x24000160                        __bss_start__ = _sbss
 *(.bss)
 .bss           0x24000160       0x1c C:/ST/STM32CubeIDE_2.0.0/STM32CubeIDE/plugins/com.st.stm32cube.ide.mcu.externaltools.gnu-tools-for-stm32.13.3.rel1.win32_1.0.100.202509120712/tools/bin/../lib/gcc/arm-none-eabi/13.3.1/thumb/v7e-m+dp/hard/crtbegin.o
 *(.bss*)
 .bss.hadc2     0x2400017c       0x70 ./Core/Src/main.o
                0x2400017c                hadc2
 .bss.hcordic   0x240001ec       0x28 ./Core/Src/main.o